Component: ARM Compiler 5.06 update 6 (build 750) Tool: armlink [4d35ed]

==============================================================================

Section Cross References

    main.o(i.Oled_Show) refers to oled.o(i.OLED_Refresh_Gram) for OLED_Refresh_Gram
    main.o(i.Oled_Show) refers to oled.o(i.OLED_ShowString) for OLED_ShowString
    main.o(i.Oled_Show) refers to oled.o(i.OLED_ShowNumber) for OLED_ShowNumber
    main.o(i.Oled_Show) refers to main.o(.data) for TargetVelocity
    main.o(i.main) refers to _printf_percent.o(.ARM.Collect$$_printf_percent$$00000000) for _printf_percent
    main.o(i.main) refers to _printf_d.o(.ARM.Collect$$_printf_percent$$00000009) for _printf_d
    main.o(i.main) refers to _printf_dec.o(.text) for _printf_int_dec
    main.o(i.main) refers to _printf_f.o(.ARM.Collect$$_printf_percent$$00000003) for _printf_f
    main.o(i.main) refers to printf1.o(x$fpl$printf1) for _printf_fp_dec
    main.o(i.main) refers to misc.o(i.NVIC_PriorityGroupConfig) for NVIC_PriorityGroupConfig
    main.o(i.main) refers to delay.o(i.delay_init) for delay_init
    main.o(i.main) refers to sys.o(i.JTAG_Set) for JTAG_Set
    main.o(i.main) refers to led.o(i.LED_Init) for LED_Init
    main.o(i.main) refers to oled.o(i.OLED_Init) for OLED_Init
    main.o(i.main) refers to usart.o(i.uart_init) for uart_init
    main.o(i.main) refers to motorencoder.o(i.MotorEncoder_Init) for MotorEncoder_Init
    main.o(i.main) refers to tb6612.o(i.TB6612_Init) for TB6612_Init
    main.o(i.main) refers to motorencoder.o(i.EncoderRead_TIM2) for EncoderRead_TIM2
    main.o(i.main) refers to delay.o(i.delay_ms) for delay_ms
    main.o(i.main) refers to key.o(i.KEY_Scan) for KEY_Scan
    main.o(i.main) refers to main.o(i.Oled_Show) for Oled_Show
    main.o(i.main) refers to noretval__2printf.o(.text) for __2printf
    main.o(i.main) refers to dflt_clz.o(x$fpl$dflt) for __aeabi_i2d
    main.o(i.main) refers to ddiv.o(x$fpl$ddiv) for __aeabi_ddiv
    main.o(i.main) refers to main.o(.data) for MortorRun
    system_stm32f10x.o(i.SetSysClock) refers to system_stm32f10x.o(i.SetSysClockTo72) for SetSysClockTo72
    system_stm32f10x.o(i.SystemCoreClockUpdate) refers to system_stm32f10x.o(.data) for SystemCoreClock
    system_stm32f10x.o(i.SystemInit) refers to system_stm32f10x.o(i.SetSysClock) for SetSysClock
    startup_stm32f10x_md.o(STACK) refers (Special) to heapauxi.o(.text) for __use_two_region_memory
    startup_stm32f10x_md.o(HEAP) refers (Special) to heapauxi.o(.text) for __use_two_region_memory
    startup_stm32f10x_md.o(RESET) refers (Special) to heapauxi.o(.text) for __use_two_region_memory
    startup_stm32f10x_md.o(RESET) refers to startup_stm32f10x_md.o(STACK) for __initial_sp
    startup_stm32f10x_md.o(RESET) refers to startup_stm32f10x_md.o(.text) for Reset_Handler
    startup_stm32f10x_md.o(RESET) refers to stm32f10x_it.o(i.NMI_Handler) for NMI_Handler
    startup_stm32f10x_md.o(RESET) refers to stm32f10x_it.o(i.HardFault_Handler) for HardFault_Handler
    startup_stm32f10x_md.o(RESET) refers to stm32f10x_it.o(i.MemManage_Handler) for MemManage_Handler
    startup_stm32f10x_md.o(RESET) refers to stm32f10x_it.o(i.BusFault_Handler) for BusFault_Handler
    startup_stm32f10x_md.o(RESET) refers to stm32f10x_it.o(i.UsageFault_Handler) for UsageFault_Handler
    startup_stm32f10x_md.o(RESET) refers to stm32f10x_it.o(i.SVC_Handler) for SVC_Handler
    startup_stm32f10x_md.o(RESET) refers to stm32f10x_it.o(i.DebugMon_Handler) for DebugMon_Handler
    startup_stm32f10x_md.o(RESET) refers to stm32f10x_it.o(i.PendSV_Handler) for PendSV_Handler
    startup_stm32f10x_md.o(RESET) refers to stm32f10x_it.o(i.SysTick_Handler) for SysTick_Handler
    startup_stm32f10x_md.o(RESET) refers to motorencoder.o(i.TIM2_IRQHandler) for TIM2_IRQHandler
    startup_stm32f10x_md.o(RESET) refers to motorencoder.o(i.TIM4_IRQHandler) for TIM4_IRQHandler
    startup_stm32f10x_md.o(RESET) refers to usart.o(i.USART1_IRQHandler) for USART1_IRQHandler
    startup_stm32f10x_md.o(RESET) refers to usart3.o(i.USART3_IRQHandler) for USART3_IRQHandler
    startup_stm32f10x_md.o(.text) refers (Special) to heapauxi.o(.text) for __use_two_region_memory
    startup_stm32f10x_md.o(.text) refers to __main.o(!!!main) for __main
    startup_stm32f10x_md.o(.text) refers to startup_stm32f10x_md.o(HEAP) for Heap_Mem
    startup_stm32f10x_md.o(.text) refers to startup_stm32f10x_md.o(STACK) for Stack_Mem
    stm32f10x_adc.o(i.ADC_DeInit) refers to stm32f10x_rcc.o(i.RCC_APB2PeriphResetCmd) for RCC_APB2PeriphResetCmd
    stm32f10x_bkp.o(i.BKP_DeInit) refers to stm32f10x_rcc.o(i.RCC_BackupResetCmd) for RCC_BackupResetCmd
    stm32f10x_can.o(i.CAN_DeInit) refers to stm32f10x_rcc.o(i.RCC_APB1PeriphResetCmd) for RCC_APB1PeriphResetCmd
    stm32f10x_can.o(i.CAN_GetITStatus) refers to stm32f10x_can.o(i.CheckITStatus) for CheckITStatus
    stm32f10x_cec.o(i.CEC_DeInit) refers to stm32f10x_rcc.o(i.RCC_APB1PeriphResetCmd) for RCC_APB1PeriphResetCmd
[...]
    ../clib/angel/boardlib.s                 0x00000000   Number         0  boardshut.o ABSOLUTE
    ../clib/angel/boardlib.s                 0x00000000   Number         0  boardinit1.o ABSOLUTE
    ../clib/angel/boardlib.s                 0x00000000   Number         0  boardinit2.o ABSOLUTE
    ../clib/angel/boardlib.s                 0x00000000   Number         0  boardinit3.o ABSOLUTE
    ../clib/angel/handlers.s                 0x00000000   Number         0  __scatter_copy.o ABSOLUTE
    ../clib/angel/handlers.s                 0x00000000   Number         0  __scatter_zi.o ABSOLUTE
    ../clib/angel/kernel.s                   0x00000000   Number         0  __rtentry2.o ABSOLUTE
    ../clib/angel/kernel.s                   0x00000000   Number         0  rtexit2.o ABSOLUTE
    ../clib/angel/kernel.s                   0x00000000   Number         0  __rtentry4.o ABSOLUTE
    ../clib/angel/kernel.s                   0x00000000   Number         0  rtexit.o ABSOLUTE
    ../clib/angel/kernel.s                   0x00000000   Number         0  __rtentry.o ABSOLUTE
    ../clib/angel/rt.s                       0x00000000   Number         0  rt_locale.o ABSOLUTE
    ../clib/angel/rt.s                       0x00000000   Number         0  rt_locale_intlibspace.o ABSOLUTE
    ../clib/angel/rt.s                       0x00000000   Number         0  rt_raise.o ABSOLUTE
    ../clib/angel/scatter.s                  0x00000000   Number         0  __scatter.o ABSOLUTE
    ../clib/angel/startup.s                  0x00000000   Number         0  __main.o ABSOLUTE
    ../clib/angel/sys.s                      0x00000000   Number         0  sys_stackheap_outer.o ABSOLUTE
    ../clib/angel/sys.s                      0x00000000   Number         0  libspace.o ABSOLUTE
    ../clib/angel/sys.s                      0x00000000   Number         0  use_no_semi_2.o ABSOLUTE
    ../clib/angel/sys.s                      0x00000000   Number         0  indicate_semi.o ABSOLUTE
    ../clib/angel/sys.s                      0x00000000   Number         0  use_no_semi.o ABSOLUTE
    ../clib/angel/sysapp.c                   0x00000000   Number         0  sys_command.o ABSOLUTE
    ../clib/angel/sysapp.c                   0x00000000   Number         0  sys_wrch.o ABSOLUTE
    ../clib/armsys.c                         0x00000000   Number         0  _get_argv_nomalloc.o ABSOLUTE
    ../clib/armsys.c                         0x00000000   Number         0  argv_veneer.o ABSOLUTE
    ../clib/armsys.c                         0x00000000   Number         0  no_argv.o ABSOLUTE
    ../clib/armsys.c                         0x00000000   Number         0  argv_veneer.o ABSOLUTE
    ../clib/bigflt.c                         0x00000000   Number         0  bigflt0.o ABSOLUTE
    ../clib/btod.s                           0x00000000   Number         0  btod.o ABSOLUTE
    ../clib/heapalloc.c                      0x00000000   Number         0  hrguard.o ABSOLUTE
    ../clib/heapaux.c                        0x00000000   Number         0  heapauxi.o ABSOLUTE
    ../clib/libinit.s                        0x00000000   Number         0  libshutdown.o ABSOLUTE
    ../clib/libinit.s                        0x00000000   Number         0  libinit2.o ABSOLUTE
    ../clib/libinit.s                        0x00000000   Number         0  libshutdown2.o ABSOLUTE
    ../clib/libinit.s                        0x00000000   Number         0  libinit.o ABSOLUTE
    ../clib/locale.s                         0x00000000   Number         0  lc_numeric_c.o ABSOLUTE
    ../clib/longlong.s                       0x00000000   Number         0  lludiv10.o ABSOLUTE
    ../clib/memcpset.s                       0x00000000   Number         0  strcmpv7m.o ABSOLUTE
    ../clib/misc.s                           0x00000000   Number         0  printf_stubs.o ABSOLUTE
    ../clib/printf.c                         0x00000000   Number         0  _printf_fp_dec.o ABSOLUTE
    ../clib/printf.c                         0x00000000   Number         0  __printf_wp.o ABSOLUTE
    ../clib/printf.c                         0x00000000   Number         0  __printf_flags_ss.o ABSOLUTE
    ../clib/printf.c                         0x00000000   Number         0  _printf_char_file.o ABSOLUTE
    ../clib/printf.c                         0x00000000   Number         0  _printf_fp_infnan.o ABSOLUTE
    ../clib/printf.c                         0x00000000   Number         0  _printf_char_common.o ABSOLUTE
    ../clib/printf.c                         0x00000000   Number         0  __printf_ss.o ABSOLUTE
    ../clib/printf.c                         0x00000000   Number         0  __printf_flags.o ABSOLUTE
    ../clib/printf.c                         0x00000000   Number         0  _printf_dec.o ABSOLUTE
    ../clib/printf.c                         0x00000000   Number         0  __printf.o ABSOLUTE
    ../clib/printf.c                         0x00000000   Number         0  __2printf.o ABSOLUTE
    ../clib/printf.c                         0x00000000   Number         0  __printf_flags_ss_wp.o ABSOLUTE
    ../clib/printf.c                         0x00000000   Number         0  __printf_ss_wp.o ABSOLUTE
    ../clib/printf.c                         0x00000000   Number         0  __printf_flags_wp.o ABSOLUTE
    ../clib/printf.c                         0x00000000   Number         0  __printf_nopercent.o ABSOLUTE
    ../clib/printf.c                         0x00000000   Number         0  noretval__2printf.o ABSOLUTE
    ../clib/printf.c                         0x00000000   Number         0  _printf_intcommon.o ABSOLUTE
    ../clib/printf_percent.s                 0x00000000   Number         0  _printf_d.o ABSOLUTE
    ../clib/printf_percent.s                 0x00000000   Number         0  _printf_f.o ABSOLUTE
    ../clib/printf_percent.s                 0x00000000   Number         0  _printf_percent_end.o ABSOLUTE
    ../clib/printf_percent.s                 0x00000000   Number         0  _printf_percent.o ABSOLUTE
    ../clib/signal.c                         0x00000000   Number         0  defsig_fpe_inner.o ABSOLUTE
    ../clib/signal.c                         0x00000000   Number         0  defsig_stak_inner.o ABSOLUTE
    ../clib/signal.c                         0x00000000   Number         0  __raise.o ABSOLUTE
    ../clib/signal.c                         0x00000000   Number         0  defsig_exit.o ABSOLUTE
    ../clib/signal.c                         0x00000000   Number         0  defsig_pvfn_inner.o ABSOLUTE
    ../clib/signal.c                         0x00000000   Number         0  defsig_rtmem_inner.o ABSOLUTE
    ../clib/signal.c                         0x00000000   Number         0  defsig_rtmem_outer.o ABSOLUTE
    ../clib/signal.c                         0x00000000   Number         0  defsig_cppl_inner.o ABSOLUTE
    ../clib/signal.c                         0x00000000   Number         0  defsig_rtred_inner.o ABSOLUTE
    ../clib/signal.c                         0x00000000   Number         0  defsig_segv_inner.o ABSOLUTE
    ../clib/signal.c                         0x00000000   Number         0  defsig_other.o ABSOLUTE
    ../clib/signal.c                         0x00000000   Number         0  defsig_rtmem_formal.o ABSOLUTE
    ../clib/signal.c                         0x00000000   Number         0  defsig_abrt_inner.o ABSOLUTE
    ../clib/signal.c                         0x00000000   Number         0  defsig_general.o ABSOLUTE
    ../clib/signal.s                         0x00000000   Number         0  defsig.o ABSOLUTE
    ../clib/stdio.c                          0x00000000   Number         0  ferror.o ABSOLUTE
    ../clib/stdio.c                          0x00000000   Number         0  ferror_locked.o ABSOLUTE
    ../clib/stdlib.c                         0x00000000   Number         0  exit.o ABSOLUTE
    ../fplib/ddiv.s                          0x00000000   Number         0  ddiv.o ABSOLUTE
    ../fplib/dflt.s                          0x00000000   Number         0  dflt_clz.o ABSOLUTE
    ../fplib/dnaninf.s                       0x00000000   Number         0  dnaninf.o ABSOLUTE
    ../fplib/dretinf.s                       0x00000000   Number         0  dretinf.o ABSOLUTE
    ../fplib/faddsub.s                       0x00000000   Number         0  faddsub_clz.o ABSOLUTE
    ../fplib/ffix.s                          0x00000000   Number         0  ffix.o ABSOLUTE
    ../fplib/fflt.s                          0x00000000   Number         0  fflt_clz.o ABSOLUTE
    ../fplib/fmul.s                          0x00000000   Number         0  fmul.o ABSOLUTE
    ../fplib/fnaninf.s                       0x00000000   Number         0  fnaninf.o ABSOLUTE
    ../fplib/fpinit.s                        0x00000000   Number         0  fpinit.o ABSOLUTE
    ../fplib/fretinf.s                       0x00000000   Number         0  fretinf.o ABSOLUTE
    ../fplib/istatus.s                       0x00000000   Number         0  istatus.o ABSOLUTE
    ../fplib/printf1.s                       0x00000000   Number         0  printf1.o ABSOLUTE
    ../fplib/usenofp.s                       0x00000000   Number         0  usenofp.o ABSOLUTE
    ../mathlib/fpclassify.c                  0x00000000   Number         0  fpclassify.o ABSOLUTE
    ..\CORE\core_cm3.c                       0x00000000   Number         0  core_cm3.o ABSOLUTE
    ..\CORE\startup_stm32f10x_md.s           0x00000000   Number         0  startup_stm32f10x_md.o ABSOLUTE
    ..\HARDWARE\KEY.c                        0x00000000   Number         0  key.o ABSOLUTE
    ..\HARDWARE\LED.c                        0x00000000   Number         0  led.o ABSOLUTE
    ..\HARDWARE\MotorEncoder.c               0x00000000   Number         0  motorencoder.o ABSOLUTE
    ..\HARDWARE\TB6612.c                     0x00000000   Number         0  tb6612.o ABSOLUTE
    ..\HARDWARE\oled.c                       0x00000000   Number         0  oled.o ABSOLUTE
    ..\HARDWARE\usart3.c                     0x00000000   Number         0  usart3.o ABSOLUTE
    ..\STM32F10x_FWLib\src\misc.c            0x00000000   Number         0  misc.o ABSOLUTE
    ..\STM32F10x_FWLib\src\stm32f10x_adc.c   0x00000000   Number         0  stm32f10x_adc.o ABSOLUTE
    ..\STM32F10x_FWLib\src\stm32f10x_bkp.c   0x00000000   Number         0  stm32f10x_bkp.o ABSOLUTE
    ..\STM32F10x_FWLib\src\stm32f10x_can.c   0x00000000   Number         0  stm32f10x_can.o ABSOLUTE
    ..\STM32F10x_FWLib\src\stm32f10x_cec.c   0x00000000   Number         0  stm32f10x_cec.o ABSOLUTE
    ..\STM32F10x_FWLib\src\stm32f10x_crc.c   0x00000000   Number         0  stm32f10x_crc.o ABSOLUTE
    ..\STM32F10x_FWLib\src\stm32f10x_dac.c   0x00000000   Number         0  stm32f10x_dac.o ABSOLUTE
    ..\STM32F10x_FWLib\src\stm32f10x_dbgmcu.c 0x00000000   Number         0  stm32f10x_dbgmcu.o ABSOLUTE
    ..\STM32F10x_FWLib\src\stm32f10x_dma.c   0x00000000   Number         0  stm32f10x_dma.o ABSOLUTE
    ..\STM32F10x_FWLib\src\stm32f10x_exti.c  0x00000000   Number         0  stm32f10x_exti.o ABSOLUTE
    ..\STM32F10x_FWLib\src\stm32f10x_flash.c 0x00000000   Number         0  stm32f10x_flash.o ABSOLUTE
    ..\STM32F10x_FWLib\src\stm32f10x_fsmc.c  0x00000000   Number         0  stm32f10x_fsmc.o ABSOLUTE
    ..\STM32F10x_FWLib\src\stm32f10x_gpio.c  0x00000000   Number         0  stm32f10x_gpio.o ABSOLUTE
    ..\STM32F10x_FWLib\src\stm32f10x_i2c.c   0x00000000   Number         0  stm32f10x_i2c.o ABSOLUTE
    ..\STM32F10x_FWLib\src\stm32f10x_iwdg.c  0x00000000   Number         0  stm32f10x_iwdg.o ABSOLUTE
    ..\STM32F10x_FWLib\src\stm32f10x_pwr.c   0x00000000   Number         0  stm32f10x_pwr.o ABSOLUTE
    ..\STM32F10x_FWLib\src\stm32f10x_rcc.c   0x00000000   Number         0  stm32f10x_rcc.o ABSOLUTE
    ..\STM32F10x_FWLib\src\stm32f10x_rtc.c   0x00000000   Number         0  stm32f10x_rtc.o ABSOLUTE
    ..\STM32F10x_FWLib\src\stm32f10x_sdio.c  0x00000000   Number         0  stm32f10x_sdio.o ABSOLUTE
    ..\STM32F10x_FWLib\src\stm32f10x_spi.c   0x00000000   Number         0  stm32f10x_spi.o ABSOLUTE
    ..\STM32F10x_FWLib\src\stm32f10x_tim.c   0x00000000   Number         0  stm32f10x_tim.o ABSOLUTE
    ..\STM32F10x_FWLib\src\stm32f10x_usart.c 0x00000000   Number         0  stm32f10x_usart.o ABSOLUTE
    ..\STM32F10x_FWLib\src\stm32f10x_wwdg.c  0x00000000   Number         0  stm32f10x_wwdg.o ABSOLUTE
    ..\SYSTEM\delay\delay.c                  0x00000000   Number         0  delay.o ABSOLUTE
    ..\SYSTEM\sys\sys.c                      0x00000000   Number         0  sys.o ABSOLUTE
    ..\SYSTEM\usart\usart.c                  0x00000000   Number         0  usart.o ABSOLUTE
    ..\\CORE\\core_cm3.c                     0x00000000   Number         0  core_cm3.o ABSOLUTE
    ..\\SYSTEM\\sys\\sys.c                   0x00000000   Number         0  sys.o ABSOLUTE
    dc.s                                     0x00000000   Number         0  dc.o ABSOLUTE
    main.c                                   0x00000000   Number         0  main.o ABSOLUTE
    stm32f10x_it.c                           0x00000000   Number         0  stm32f10x_it.o ABSOLUTE
    system_stm32f10x.c                       0x00000000   Number         0  system_stm32f10x.o ABSOLUTE
    RESET                                    0x08000000   Section      236  startup_stm32f10x_md.o(RESET)
    !!!main                                  0x080000ec   Section        8  __main.o(!!!main)
    !!!scatter                               0x080000f4   Section       52  __scatter.o(!!!scatter)
    !!handler_copy                           0x08000128   Section       26  __scatter_copy.o(!!handler_copy)
    !!handler_zi                             0x08000144   Section       28  __scatter_zi.o(!!handler_zi)
    .ARM.Collect$$_printf_percent$$00000000  0x08000160   Section        0  _printf_percent.o(.ARM.Collect$$_printf_percent$$00000000)
    .ARM.Collect$$_printf_percent$$00000003  0x08000160   Section        6  _printf_f.o(.ARM.Collect$$_printf_percent$$00000003)
    .ARM.Collect$$_printf_percent$$00000009  0x08000166   Section        6  _printf_d.o(.ARM.Collect$$_printf_percent$$00000009)
    .ARM.Collect$$_printf_percent$$00000017  0x0800016c   Section        4  _printf_percent_end.o(.ARM.Collect$$_printf_percent$$00000017)
    .ARM.Collect$$libinit$$00000000          0x08000170   Section        2  libinit.o(.ARM.Collect$$libinit$$00000000)
    .ARM.Collect$$libinit$$00000002          0x08000172   Section        0  libinit2.o(.ARM.Collect$$libinit$$00000002)
    .ARM.Collect$$libinit$$00000004          0x08000172   Section        0  libinit2.o(.ARM.Collect$$libinit$$00000004)
    .ARM.Collect$$libinit$$0000000A          0x08000172   Section        0  libinit2.o(.ARM.Collect$$libinit$$0000000A)
    .ARM.Collect$$libinit$$0000000C          0x08000172   Section        0  libinit2.o(.ARM.Collect$$libinit$$0000000C)
    .ARM.Collect$$libinit$$0000000E          0x08000172   Section        0  libinit2.o(.ARM.Collect$$libinit$$0000000E)
    .ARM.Collect$$libinit$$0000000F          0x08000172   Section        6  libinit2.o(.ARM.Collect$$libinit$$0000000F)
    .ARM.Collect$$libinit$$00000011          0x08000178   Section        0  libinit2.o(.ARM.Collect$$libinit$$00000011)
    .ARM.Collect$$libinit$$00000013          0x08000178   Section        0  libinit2.o(.ARM.Collect$$libinit$$00000013)
    .ARM.Collect$$libinit$$00000015          0x08000178   Section        0  libinit2.o(.ARM.Collect$$libinit$$00000015)
    .ARM.Collect$$libinit$$00000016          0x08000178   Section       10  libinit2.o(.ARM.Collect$$libinit$$00000016)
    .ARM.Collect$$libinit$$00000017          0x08000182   Section        0  libinit2.o(.ARM.Collect$$libinit$$00000017)
    .ARM.Collect$$libinit$$00000019          0x08000182   Section        0  libinit2.o(.ARM.Collect$$libinit$$00000019)
    .ARM.Collect$$libinit$$0000001B          0x08000182   Section        0  libinit2.o(.ARM.Collect$$libinit$$0000001B)
    .ARM.Collect$$libinit$$0000001D          0x08000182   Section        0  libinit2.o(.ARM.Collect$$libinit$$0000001D)
    .ARM.Collect$$libinit$$0000001F          0x08000182   Section        0  libinit2.o(.ARM.Collect$$libinit$$0000001F)
    .ARM.Collect$$libinit$$00000021          0x08000182   Section        0  libinit2.o(.ARM.Collect$$libinit$$00000021)
    .ARM.Collect$$libinit$$00000023          0x08000182   Section        0  libinit2.o(.ARM.Collect$$libinit$$00000023)
    .ARM.Collect$$libinit$$00000025          0x08000182   Section        0  libinit2.o(.ARM.Collect$$libinit$$00000025)
    .ARM.Collect$$libinit$$0000002C          0x08000182   Section        0  libinit2.o(.ARM.Collect$$libinit$$0000002C)
    .ARM.Collect$$libinit$$0000002E          0x08000182   Section        0  libinit2.o(.ARM.Collect$$libinit$$0000002E)
    .ARM.Collect$$libinit$$00000030          0x08000182   Section        0  libinit2.o(.ARM.Collect$$libinit$$00000030)
    .ARM.Collect$$libinit$$00000032          0x08000182   Section        0  libinit2.o(.ARM.Collect$$libinit$$00000032)
    .ARM.Collect$$libinit$$00000033          0x08000182   Section        2  libinit2.o(.ARM.Collect$$libinit$$00000033)
    .ARM.Collect$$libshutdown$$00000000      0x08000184   Section        2  libshutdown.o(.ARM.Collect$$libshutdown$$00000000)
    .ARM.Collect$$libshutdown$$00000002      0x08000186   Section        0  libshutdown2.o(.ARM.Collect$$libshutdown$$00000002)
    .ARM.Collect$$libshutdown$$00000004      0x08000186   Section        0  libshutdown2.o(.ARM.Collect$$libshutdown$$00000004)
    .ARM.Collect$$libshutdown$$00000007      0x08000186   Section        0  libshutdown2.o(.ARM.Collect$$libshutdown$$00000007)
    .ARM.Collect$$libshutdown$$0000000A      0x08000186   Section        0  libshutdown2.o(.ARM.Collect$$libshutdown$$0000000A)
    .ARM.Collect$$libshutdown$$0000000C      0x08000186   Section        0  libshutdown2.o(.ARM.Collect$$libshutdown$$0000000C)
    .ARM.Collect$$libshutdown$$0000000F      0x08000186   Section        0  libshutdown2.o(.ARM.Collect$$libshutdown$$0000000F)
    .ARM.Collect$$libshutdown$$00000010      0x08000186   Section        2  libshutdown2.o(.ARM.Collect$$libshutdown$$00000010)
    .ARM.Collect$$rtentry$$00000000          0x08000188   Section        0  __rtentry.o(.ARM.Collect$$rtentry$$00000000)
    .ARM.Collect$$rtentry$$00000002          0x08000188   Section        0  __rtentry2.o(.ARM.Collect$$rtentry$$00000002)
    .ARM.Collect$$rtentry$$00000004          0x08000188   Section        6  __rtentry4.o(.ARM.Collect$$rtentry$$00000004)
    .ARM.Collect$$rtentry$$00000009          0x0800018e   Section        0  __rtentry2.o(.ARM.Collect$$rtentry$$00000009)
    .ARM.Collect$$rtentry$$0000000A          0x0800018e   Section        4  __rtentry2.o(.ARM.Collect$$rtentry$$0000000A)
    .ARM.Collect$$rtentry$$0000000C          0x08000192   Section        0  __rtentry2.o(.ARM.Collect$$rtentry$$0000000C)
    .ARM.Collect$$rtentry$$0000000D          0x08000192   Section        8  __rtentry2.o(.ARM.Collect$$rtentry$$0000000D)
    .ARM.Collect$$rtexit$$00000000           0x0800019a   Section        2  rtexit.o(.ARM.Collect$$rtexit$$00000000)
    .ARM.Collect$$rtexit$$00000002           0x0800019c   Section        0  rtexit2.o(.ARM.Collect$$rtexit$$00000002)
    .ARM.Collect$$rtexit$$00000003           0x0800019c   Section        4  rtexit2.o(.ARM.Collect$$rtexit$$00000003)
    .ARM.Collect$$rtexit$$00000004           0x080001a0   Section        6  rtexit2.o(.ARM.Collect$$rtexit$$00000004)
    .text                                    0x080001a8   Section       56  startup_stm32f10x_md.o(.text)
    .text                                    0x080001e0   Section        2  use_no_semi_2.o(.text)
    .text                                    0x080001e4   Section        0  noretval__2printf.o(.text)
    .text                                    0x080001fc   Section        0  _printf_dec.o(.text)
    .text                                    0x08000274   Section        0  __printf_wp.o(.text)
    .text                                    0x08000382   Section        0  heapauxi.o(.text)
    .text                                    0x08000388   Section        2  use_no_semi.o(.text)
    .text                                    0x0800038a   Section        0  _printf_intcommon.o(.text)
    .text                                    0x0800043c   Section        0  _printf_fp_dec.o(.text)
    _fp_digits                               0x0800043f   Thumb Code   432  _printf_fp_dec.o(.text)
    .text                                    0x0800085c   Section        0  _printf_char_file.o(.text)
    .text                                    0x08000880   Section        8  rt_locale_intlibspace.o(.text)
    .text                                    0x08000888   Section      138  lludiv10.o(.text)
    .text                                    0x08000914   Section        0  _printf_char_common.o(.text)
    _printf_input_char                       0x08000915   Thumb Code    10  _printf_char_common.o(.text)
    .text                                    0x08000944   Section        0  _printf_fp_infnan.o(.text)
    .text                                    0x080009c4   Section        0  bigflt0.o(.text)
    .text                                    0x08000aa8   Section        0  ferror.o(.text)
    .text                                    0x08000ab0   Section        8  libspace.o(.text)
    .text                                    0x08000ab8   Section       74  sys_stackheap_outer.o(.text)
    .text                                    0x08000b02   Section        0  exit.o(.text)
    .text                                    0x08000b14   Section      128  strcmpv7m.o(.text)
    CL$$btod_d2e                             0x08000b94   Section       62  btod.o(CL$$btod_d2e)
    CL$$btod_d2e_denorm_low                  0x08000bd2   Section       70  btod.o(CL$$btod_d2e_denorm_low)
    CL$$btod_d2e_norm_op1                    0x08000c18   Section       96  btod.o(CL$$btod_d2e_norm_op1)
    CL$$btod_div_common                      0x08000c78   Section      824  btod.o(CL$$btod_div_common)
    CL$$btod_e2e                             0x08000fb0   Section      220  btod.o(CL$$btod_e2e)
    CL$$btod_ediv                            0x0800108c   Section       42  btod.o(CL$$btod_ediv)
    CL$$btod_emul                            0x080010b6   Section       42  btod.o(CL$$btod_emul)
    CL$$btod_mult_common                     0x080010e0   Section      580  btod.o(CL$$btod_mult_common)
    i.BusFault_Handler                       0x08001324   Section        0  stm32f10x_it.o(i.BusFault_Handler)
    i.DebugMon_Handler                       0x08001328   Section        0  stm32f10x_it.o(i.DebugMon_Handler)
    i.EncoderRead_TIM2                       0x0800132a   Section        0  motorencoder.o(i.EncoderRead_TIM2)
    i.GPIO_Init                              0x08001382   Section        0  stm32f10x_gpio.o(i.GPIO_Init)
    i.GPIO_ReadInputDataBit                  0x08001498   Section        0  stm32f10x_gpio.o(i.GPIO_ReadInputDataBit)
    i.GPIO_SetBits                           0x080014aa   Section        0  stm32f10x_gpio.o(i.GPIO_SetBits)
    i.HardFault_Handler                      0x080014ae   Section        0  stm32f10x_it.o(i.HardFault_Handler)
    i.JTAG_Set                               0x080014b4   Section        0  sys.o(i.JTAG_Set)
    i.KEY_Scan                               0x080014e4   Section        0  key.o(i.KEY_Scan)
    i.LED_Init                               0x08001530   Section        0  led.o(i.LED_Init)
    i.MemManage_Handler                      0x08001564   Section        0  stm32f10x_it.o(i.MemManage_Handler)
    i.MotorEncoder_Init                      0x08001568   Section        0  motorencoder.o(i.MotorEncoder_Init)
    i.NMI_Handler                            0x080015fc   Section        0  stm32f10x_it.o(i.NMI_Handler)
    i.NVIC_Init                              0x08001600   Section        0  misc.o(i.NVIC_Init)
    i.NVIC_PriorityGroupConfig               0x08001670   Section        0  misc.o(i.NVIC_PriorityGroupConfig)
    i.OLED_Clear                             0x08001684   Section        0  oled.o(i.OLED_Clear)
    i.OLED_DrawPoint                         0x080016b4   Section        0  oled.o(i.OLED_DrawPoint)
    i.OLED_Init                              0x0800171c   Section        0  oled.o(i.OLED_Init)
    i.OLED_Refresh_Gram                      0x0800184c   Section        0  oled.o(i.OLED_Refresh_Gram)
    i.OLED_ShowChar                          0x08001898   Section        0  oled.o(i.OLED_ShowChar)
    i.OLED_ShowNumber                        0x08001940   Section        0  oled.o(i.OLED_ShowNumber)
    i.OLED_ShowString                        0x080019d4   Section        0  oled.o(i.OLED_ShowString)
    i.OLED_WR_Byte                           0x08001a18   Section        0  oled.o(i.OLED_WR_Byte)
    i.Oled_Show                              0x08001a70   Section        0  main.o(i.Oled_Show)
    i.PendSV_Handler                         0x08001bb8   Section        0  stm32f10x_it.o(i.PendSV_Handler)
    i.RCC_APB1PeriphClockCmd                 0x08001bbc   Section        0  stm32f10x_rcc.o(i.RCC_APB1PeriphClockCmd)
    i.RCC_APB2PeriphClockCmd                 0x08001bdc   Section        0  stm32f10x_rcc.o(i.RCC_APB2PeriphClockCmd)
    i.RCC_GetClocksFreq                      0x08001bfc   Section        0  stm32f10x_rcc.o(i.RCC_GetClocksFreq)
    i.Read_Encoder                           0x08001cd0   Section        0  motorencoder.o(i.Read_Encoder)
    i.SVC_Handler                            0x08001cec   Section        0  stm32f10x_it.o(i.SVC_Handler)
    i.SetPWM                                 0x08001cf0   Section        0  tb6612.o(i.SetPWM)
    i.SysTick_CLKSourceConfig                0x08001d48   Section        0  misc.o(i.SysTick_CLKSourceConfig)
    i.SysTick_Handler                        0x08001d70   Section        0  stm32f10x_it.o(i.SysTick_Handler)
    i.TB6612_Init                            0x08001d74   Section        0  tb6612.o(i.TB6612_Init)
    i.TI1_Config                             0x08001e24   Section        0  stm32f10x_tim.o(i.TI1_Config)
    TI1_Config                               0x08001e25   Thumb Code   108  stm32f10x_tim.o(i.TI1_Config)
    i.TI2_Config                             0x08001ea4   Section        0  stm32f10x_tim.o(i.TI2_Config)
    TI2_Config                               0x08001ea5   Thumb Code   130  stm32f10x_tim.o(i.TI2_Config)
    i.TI3_Config                             0x08001f3c   Section        0  stm32f10x_tim.o(i.TI3_Config)
    TI3_Config                               0x08001f3d   Thumb Code   122  stm32f10x_tim.o(i.TI3_Config)
    i.TI4_Config                             0x08001fcc   Section        0  stm32f10x_tim.o(i.TI4_Config)
    TI4_Config                               0x08001fcd   Thumb Code   130  stm32f10x_tim.o(i.TI4_Config)
    i.TIM2_IRQHandler                        0x08002064   Section        0  motorencoder.o(i.TIM2_IRQHandler)
    i.TIM4_IRQHandler                        0x080020c4   Section        0  motorencoder.o(i.TIM4_IRQHandler)
    i.TIM_ARRPreloadConfig                   0x080020dc   Section        0  stm32f10x_tim.o(i.TIM_ARRPreloadConfig)
    i.TIM_ClearFlag                          0x080020f4   Section        0  stm32f10x_tim.o(i.TIM_ClearFlag)
    i.TIM_ClearITPendingBit                  0x080020fa   Section        0  stm32f10x_tim.o(i.TIM_ClearITPendingBit)
    i.TIM_Cmd                                0x08002100   Section        0  stm32f10x_tim.o(i.TIM_Cmd)
    i.TIM_EncoderInterfaceConfig             0x08002118   Section        0  stm32f10x_tim.o(i.TIM_EncoderInterfaceConfig)
    i.TIM_GetITStatus                        0x0800215a   Section        0  stm32f10x_tim.o(i.TIM_GetITStatus)
    i.TIM_ICInit                             0x0800217c   Section        0  stm32f10x_tim.o(i.TIM_ICInit)
    i.TIM_ICStructInit                       0x08002228   Section        0  stm32f10x_tim.o(i.TIM_ICStructInit)
    i.TIM_ITConfig                           0x0800223a   Section        0  stm32f10x_tim.o(i.TIM_ITConfig)
    i.TIM_OC4Init                            0x0800224c   Section        0  stm32f10x_tim.o(i.TIM_OC4Init)
    i.TIM_OC4PreloadConfig                   0x080022c8   Section        0  stm32f10x_tim.o(i.TIM_OC4PreloadConfig)
    i.TIM_SetCompare4                        0x080022e2   Section        0  stm32f10x_tim.o(i.TIM_SetCompare4)
    i.TIM_SetCounter                         0x080022e8   Section        0  stm32f10x_tim.o(i.TIM_SetCounter)
    i.TIM_SetIC1Prescaler                    0x080022ec   Section        0  stm32f10x_tim.o(i.TIM_SetIC1Prescaler)
    i.TIM_SetIC2Prescaler                    0x080022fe   Section        0  stm32f10x_tim.o(i.TIM_SetIC2Prescaler)
    i.TIM_SetIC3Prescaler                    0x08002318   Section        0  stm32f10x_tim.o(i.TIM_SetIC3Prescaler)
    i.TIM_SetIC4Prescaler                    0x0800232a   Section        0  stm32f10x_tim.o(i.TIM_SetIC4Prescaler)
    i.TIM_TimeBaseInit                       0x08002344   Section        0  stm32f10x_tim.o(i.TIM_TimeBaseInit)
    i.USART1_IRQHandler                      0x080023e8   Section        0  usart.o(i.USART1_IRQHandler)
    i.USART3_IRQHandler                      0x08002470   Section        0  usart3.o(i.USART3_IRQHandler)
    i.USART_Cmd                              0x08002484   Section        0  stm32f10x_usart.o(i.USART_Cmd)
    i.USART_GetITStatus                      0x0800249c   Section        0  stm32f10x_usart.o(i.USART_GetITStatus)
    i.USART_ITConfig                         0x080024f0   Section        0  stm32f10x_usart.o(i.USART_ITConfig)
    i.USART_Init                             0x0800253c   Section        0  stm32f10x_usart.o(i.USART_Init)
    i.USART_ReceiveData                      0x08002614   Section        0  stm32f10x_usart.o(i.USART_ReceiveData)
    i.UsageFault_Handler                     0x0800261e   Section        0  stm32f10x_it.o(i.UsageFault_Handler)
    i.Velocity_FeedbackControl               0x08002624   Section        0  motorencoder.o(i.Velocity_FeedbackControl)
    i.__ARM_fpclassify                       0x08002698   Section        0  fpclassify.o(i.__ARM_fpclassify)
    i._is_digit                              0x080026c0   Section        0  __printf_wp.o(i._is_digit)
    i._sys_exit                              0x080026ce   Section        0  usart.o(i._sys_exit)
    i.delay_init                             0x080026d4   Section        0  delay.o(i.delay_init)
    i.delay_ms                               0x08002718   Section        0  delay.o(i.delay_ms)
    i.fputc                                  0x08002764   Section        0  usart.o(i.fputc)
    i.main                                   0x08002780   Section        0  main.o(i.main)
    i.oled_pow                               0x08002870   Section        0  oled.o(i.oled_pow)
    i.uart_init                              0x08002888   Section        0  usart.o(i.uart_init)
    locale$$code                             0x08002928   Section       44  lc_numeric_c.o(locale$$code)
    x$fpl$ddiv                               0x08002954   Section      688  ddiv.o(x$fpl$ddiv)
    ddiv_entry                               0x0800295b   Thumb Code     0  ddiv.o(x$fpl$ddiv)
    x$fpl$dflt                               0x08002c04   Section       46  dflt_clz.o(x$fpl$dflt)
    x$fpl$dnaninf                            0x08002c32   Section      156  dnaninf.o(x$fpl$dnaninf)
    x$fpl$dretinf                            0x08002cce   Section       12  dretinf.o(x$fpl$dretinf)
    x$fpl$fadd                               0x08002cdc   Section      196  faddsub_clz.o(x$fpl$fadd)
    _fadd1                                   0x08002ceb   Thumb Code     0  faddsub_clz.o(x$fpl$fadd)
    x$fpl$ffix                               0x08002da0   Section       54  ffix.o(x$fpl$ffix)
    x$fpl$fflt                               0x08002dd8   Section       48  fflt_clz.o(x$fpl$fflt)
    x$fpl$fmul                               0x08002e08   Section      258  fmul.o(x$fpl$fmul)
    x$fpl$fnaninf                            0x08002f0a   Section      140  fnaninf.o(x$fpl$fnaninf)
    x$fpl$fretinf                            0x08002f96   Section       10  fretinf.o(x$fpl$fretinf)
    x$fpl$fsub                               0x08002fa0   Section      234  faddsub_clz.o(x$fpl$fsub)
    _fsub1                                   0x08002faf   Thumb Code     0  faddsub_clz.o(x$fpl$fsub)
    x$fpl$printf1                            0x0800308a   Section        4  printf1.o(x$fpl$printf1)
    .constdata                               0x0800308e   Section     2660  oled.o(.constdata)
    x$fpl$usenofp                            0x0800308e   Section        0  usenofp.o(x$fpl$usenofp)
    .constdata                               0x08003af4   Section      148  bigflt0.o(.constdata)
    tenpwrs_x                                0x08003af4   Data          60  bigflt0.o(.constdata)
    tenpwrs_i                                0x08003b30   Data          64  bigflt0.o(.constdata)
    locale$$data                             0x08003ba8   Section       28  lc_numeric_c.o(locale$$data)
    __lcnum_c_name                           0x08003bac   Data           2  lc_numeric_c.o(locale$$data)
    __lcnum_c_start                          0x08003bb4   Data           0  lc_numeric_c.o(locale$$data)
    __lcnum_c_point                          0x08003bc0   Data           0  lc_numeric_c.o(locale$$data)
    __lcnum_c_thousands                      0x08003bc2   Data           0  lc_numeric_c.o(locale$$data)
    __lcnum_c_grouping                       0x08003bc3   Data           0  lc_numeric_c.o(locale$$data)
    __lcnum_c_end                            0x08003bc4   Data           0  lc_numeric_c.o(locale$$data)
    .data                                    0x20000000   Section       28  main.o(.data)
    .data                                    0x2000001c   Section       20  system_stm32f10x.o(.data)
    .data                                    0x20000030   Section       20  stm32f10x_rcc.o(.data)
    APBAHBPrescTable                         0x20000030   Data          16  stm32f10x_rcc.o(.data)
    ADCPrescTable                            0x20000040   Data           4  stm32f10x_rcc.o(.data)
    .data                                    0x20000044   Section        4  delay.o(.data)
    fac_us                                   0x20000044   Data           1  delay.o(.data)
    fac_ms                                   0x20000046   Data           2  delay.o(.data)
    .data                                    0x20000048   Section        6  usart.o(.data)
    .data                                    0x20000050   Section        8  motorencoder.o(.data)
    ControlVelocity                          0x20000050   Data           4  motorencoder.o(.data)
    Last_bias                                0x20000054   Data           4  motorencoder.o(.data)
    .data                                    0x20000058   Section        1  key.o(.data)
    flag_key                                 0x20000058   Data           1  key.o(.data)
    .bss                                     0x2000005c   Section      200  usart.o(.bss)
    .bss                                     0x20000124   Section     1024  oled.o(.bss)
    .bss                                     0x20000524   Section       96  libspace.o(.bss)
    HEAP                                     0x20000588   Section      512  startup_stm32f10x_md.o(HEAP)
    Heap_Mem                                 0x20000588   Data         512  startup_stm32f10x_md.o(HEAP)
    STACK                                    0x20000788   Section     1024  startup_stm32f10x_md.o(STACK)
    Stack_Mem                                0x20000788   Data        1024  startup_stm32f10x_md.o(STACK)
    __initial_sp                             0x20000b88   Data           0  startup_stm32f10x_md.o(STACK)

    Global Symbols

    Symbol Name                              Value     Ov Type        Size  Object(Section)

    BuildAttributes$$THM_ISAv4$P$D$K$B$S$PE$A:L22UL41UL21$X:L11$S22US41US21$IEEE1$IW$USESV6$~STKCKD$USESV7$~SHL$OTIME$ROPI$IEEEJ$EBA8$UX$STANDARDLIB$REQ8$PRES8$EABIv2 0x00000000   Number         0  anon$$obj.o ABSOLUTE
    __ARM_use_no_argv                        0x00000000   Number         0  main.o ABSOLUTE
    _printf_flags                            0x00000000   Number         0  printf_stubs.o ABSOLUTE
    _printf_return_value                     0x00000000   Number         0  printf_stubs.o ABSOLUTE
    _printf_sizespec                         0x00000000   Number         0  printf_stubs.o ABSOLUTE
    _printf_widthprec                        0x00000000   Number         0  printf_stubs.o ABSOLUTE
    __ARM_exceptions_init                     - Undefined Weak Reference
    __alloca_initialize                       - Undefined Weak Reference
    __arm_preinit_                            - Undefined Weak Reference
    __cpp_initialize__aeabi_                  - Undefined Weak Reference
    __cxa_finalize                            - Undefined Weak Reference
    __sigvec_lookup                           - Undefined Weak Reference
    _atexit_init                              - Undefined Weak Reference
    _call_atexit_fns                          - Undefined Weak Reference
    _clock_init                               - Undefined Weak Reference
    _fp_trap_init                             - Undefined Weak Reference
    _fp_trap_shutdown                         - Undefined Weak Reference
    _get_lc_collate                           - Undefined Weak Reference
    _get_lc_ctype                             - Undefined Weak Reference
    _get_lc_monetary                          - Undefined Weak Reference
    _get_lc_time                              - Undefined Weak Reference
    _getenv_init                              - Undefined Weak Reference
    _handle_redirection                       - Undefined Weak Reference
    _init_alloc                               - Undefined Weak Reference
    _init_user_alloc                          - Undefined Weak Reference
    _initio                                   - Undefined Weak Reference
    _mutex_acquire                            - Undefined Weak Reference
    _mutex_release                            - Undefined Weak Reference
    _printf_post_padding                      - Undefined Weak Reference
    _printf_pre_padding                       - Undefined Weak Reference
    _printf_truncate_signed                   - Undefined Weak Reference
    _printf_truncate_unsigned                 - Undefined Weak Reference
    _rand_init                                - Undefined Weak Reference
    _signal_finish                            - Undefined Weak Reference
    _signal_init                              - Undefined Weak Reference
    _terminate_alloc                          - Undefined Weak Reference
    _terminate_user_alloc                     - Undefined Weak Reference
    _terminateio                              - Undefined Weak Reference
    __Vectors_Size                           0x000000ec   Number         0  startup_stm32f10x_md.o ABSOLUTE
    __Vectors                                0x08000000   Data           4  startup_stm32f10x_md.o(RESET)
    __Vectors_End                            0x080000ec   Data           0  startup_stm32f10x_md.o(RESET)
    __main                                   0x080000ed   Thumb Code     8  __main.o(!!!main)
    __scatterload                            0x080000f5   Thumb Code     0  __scatter.o(!!!scatter)
    __scatterload_rt2                        0x080000f5   Thumb Code    44  __scatter.o(!!!scatter)
    __scatterload_rt2_thumb_only             0x080000f5   Thumb Code     0  __scatter.o(!!!scatter)
    __scatterload_null                       0x08000103   Thumb Code     0  __scatter.o(!!!scatter)
    __scatterload_copy                       0x08000129   Thumb Code    26  __scatter_copy.o(!!handler_copy)
    __scatterload_zeroinit                   0x08000145   Thumb Code    28  __scatter_zi.o(!!handler_zi)
    _printf_f                                0x08000161   Thumb Code     0  _printf_f.o(.ARM.Collect$$_printf_percent$$00000003)
    _printf_percent                          0x08000161   Thumb Code     0  _printf_percent.o(.ARM.Collect$$_printf_percent$$00000000)
    _printf_d                                0x08000167   Thumb Code     0  _printf_d.o(.ARM.Collect$$_printf_percent$$00000009)
    _printf_percent_end                      0x0800016d   Thumb Code     0  _printf_percent_end.o(.ARM.Collect$$_printf_percent$$00000017)
    __rt_lib_init                            0x08000171   Thumb Code     0  libinit.o(.ARM.Collect$$libinit$$00000000)
    __rt_lib_init_fp_1                       0x08000173   Thumb Code     0  libinit2.o(.ARM.Collect$$libinit$$00000002)
    __rt_lib_init_heap_1                     0x08000173   Thumb Code     0  libinit2.o(.ARM.Collect$$libinit$$0000000A)
    __rt_lib_init_lc_common                  0x08000173   Thumb Code     0  libinit2.o(.ARM.Collect$$libinit$$0000000F)
    __rt_lib_init_preinit_1                  0x08000173   Thumb Code     0  libinit2.o(.ARM.Collect$$libinit$$00000004)
    __rt_lib_init_rand_1                     0x08000173   Thumb Code     0  libinit2.o(.ARM.Collect$$libinit$$0000000E)
    __rt_lib_init_user_alloc_1               0x08000173   Thumb Code     0  libinit2.o(.ARM.Collect$$libinit$$0000000C)
    __rt_lib_init_lc_collate_1               0x08000179   Thumb Code     0  libinit2.o(.ARM.Collect$$libinit$$00000011)
    __rt_lib_init_lc_ctype_1                 0x08000179   Thumb Code     0  libinit2.o(.ARM.Collect$$libinit$$00000013)
    __rt_lib_init_lc_monetary_1              0x08000179   Thumb Code     0  libinit2.o(.ARM.Collect$$libinit$$00000015)
    __rt_lib_init_lc_numeric_2               0x08000179   Thumb Code     0  libinit2.o(.ARM.Collect$$libinit$$00000016)
    __rt_lib_init_alloca_1                   0x08000183   Thumb Code     0  libinit2.o(.ARM.Collect$$libinit$$0000002E)
    __rt_lib_init_argv_1                     0x08000183   Thumb Code     0  libinit2.o(.ARM.Collect$$libinit$$0000002C)
    __rt_lib_init_atexit_1                   0x08000183   Thumb Code     0  libinit2.o(.ARM.Collect$$libinit$$0000001B)
    __rt_lib_init_clock_1                    0x08000183   Thumb Code     0  libinit2.o(.ARM.Collect$$libinit$$00000021)
    __rt_lib_init_cpp_1                      0x08000183   Thumb Code     0  libinit2.o(.ARM.Collect$$libinit$$00000032)
    __rt_lib_init_exceptions_1               0x08000183   Thumb Code     0  libinit2.o(.ARM.Collect$$libinit$$00000030)
    __rt_lib_init_fp_trap_1                  0x08000183   Thumb Code     0  libinit2.o(.ARM.Collect$$libinit$$0000001F)
    __rt_lib_init_getenv_1                   0x08000183   Thumb Code     0  libinit2.o(.ARM.Collect$$libinit$$00000023)
    __rt_lib_init_lc_numeric_1               0x08000183   Thumb Code     0  libinit2.o(.ARM.Collect$$libinit$$00000017)
    __rt_lib_init_lc_time_1                  0x08000183   Thumb Code     0  libinit2.o(.ARM.Collect$$libinit$$00000019)
    __rt_lib_init_return                     0x08000183   Thumb Code     0  libinit2.o(.ARM.Collect$$libinit$$00000033)
    __rt_lib_init_signal_1                   0x08000183   Thumb Code     0  libinit2.o(.ARM.Collect$$libinit$$0000001D)
    __rt_lib_init_stdio_1                    0x08000183   Thumb Code     0  libinit2.o(.ARM.Collect$$libinit$$00000025)
    __rt_lib_shutdown                        0x08000185   Thumb Code     0  libshutdown.o(.ARM.Collect$$libshutdown$$00000000)
    __rt_lib_shutdown_cpp_1                  0x08000187   Thumb Code     0  libshutdown2.o(.ARM.Collect$$libshutdown$$00000002)
    __rt_lib_shutdown_fp_trap_1              0x08000187   Thumb Code     0  libshutdown2.o(.ARM.Collect$$libshutdown$$00000007)
    __rt_lib_shutdown_heap_1                 0x08000187   Thumb Code     0  libshutdown2.o(.ARM.Collect$$libshutdown$$0000000F)
    __rt_lib_shutdown_return                 0x08000187   Thumb Code     0  libshutdown2.o(.ARM.Collect$$libshutdown$$00000010)
    __rt_lib_shutdown_signal_1               0x08000187   Thumb Code     0  libshutdown2.o(.ARM.Collect$$libshutdown$$0000000A)
    __rt_lib_shutdown_stdio_1                0x08000187   Thumb Code     0  libshutdown2.o(.ARM.Collect$$libshutdown$$00000004)
    __rt_lib_shutdown_user_alloc_1           0x08000187   Thumb Code     0  libshutdown2.o(.ARM.Collect$$libshutdown$$0000000C)
    __rt_entry                               0x08000189   Thumb Code     0  __rtentry.o(.ARM.Collect$$rtentry$$00000000)
    __rt_entry_presh_1                       0x08000189   Thumb Code     0  __rtentry2.o(.ARM.Collect$$rtentry$$00000002)
    __rt_entry_sh                            0x08000189   Thumb Code     0  __rtentry4.o(.ARM.Collect$$rtentry$$00000004)
    __rt_entry_li                            0x0800018f   Thumb Code     0  __rtentry2.o(.ARM.Collect$$rtentry$$0000000A)
    __rt_entry_postsh_1                      0x0800018f   Thumb Code     0  __rtentry2.o(.ARM.Collect$$rtentry$$00000009)
    __rt_entry_main                          0x08000193   Thumb Code     0  __rtentry2.o(.ARM.Collect$$rtentry$$0000000D)
    __rt_entry_postli_1                      0x08000193   Thumb Code     0  __rtentry2.o(.ARM.Collect$$rtentry$$0000000C)
    __rt_exit                                0x0800019b   Thumb Code     0  rtexit.o(.ARM.Collect$$rtexit$$00000000)
    __rt_exit_ls                             0x0800019d   Thumb Code     0  rtexit2.o(.ARM.Collect$$rtexit$$00000003)
    __rt_exit_prels_1                        0x0800019d   Thumb Code     0  rtexit2.o(.ARM.Collect$$rtexit$$00000002)
    __rt_exit_exit                           0x080001a1   Thumb Code     0  rtexit2.o(.ARM.Collect$$rtexit$$00000004)
    Reset_Handler                            0x080001a9   Thumb Code     4  startup_stm32f10x_md.o(.text)
    ADC1_2_IRQHandler                        0x080001bf   Thumb Code     0  startup_stm32f10x_md.o(.text)
    CAN1_RX1_IRQHandler                      0x080001bf   Thumb Code     0  startup_stm32f10x_md.o(.text)
    CAN1_SCE_IRQHandler                      0x080001bf   Thumb Code     0  startup_stm32f10x_md.o(.text)
    DMA1_Channel1_IRQHandler                 0x080001bf   Thumb Code     0  startup_stm32f10x_md.o(.text)
    DMA1_Channel2_IRQHandler                 0x080001bf   Thumb Code     0  startup_stm32f10x_md.o(.text)
    DMA1_Channel3_IRQHandler                 0x080001bf   Thumb Code     0  startup_stm32f10x_md.o(.text)
    DMA1_Channel4_IRQHandler                 0x080001bf   Thumb Code     0  startup_stm32f10x_md.o(.text)
    DMA1_Channel5_IRQHandler                 0x080001bf   Thumb Code     0  startup_stm32f10x_md.o(.text)
    DMA1_Channel6_IRQHandler                 0x080001bf   Thumb Code     0  startup_stm32f10x_md.o(.text)
    DMA1_Channel7_IRQHandler                 0x080001bf   Thumb Code     0  startup_stm32f10x_md.o(.text)
    EXTI0_IRQHandler                         0x080001bf   Thumb Code     0  startup_stm32f10x_md.o(.text)
    EXTI15_10_IRQHandler                     0x080001bf   Thumb Code     0  startup_stm32f10x_md.o(.text)
    EXTI1_IRQHandler                         0x080001bf   Thumb Code     0  startup_stm32f10x_md.o(.text)
    EXTI2_IRQHandler                         0x080001bf   Thumb Code     0  startup_stm32f10x_md.o(.text)
    EXTI3_IRQHandler                         0x080001bf   Thumb Code     0  startup_stm32f10x_md.o(.text)
    EXTI4_IRQHandler                         0x080001bf   Thumb Code     0  startup_stm32f10x_md.o(.text)
    EXTI9_5_IRQHandler                       0x080001bf   Thumb Code     0  startup_stm32f10x_md.o(.text)
    FLASH_IRQHandler                         0x080001bf   Thumb Code     0  startup_stm32f10x_md.o(.text)
    I2C1_ER_IRQHandler                       0x080001bf   Thumb Code     0  startup_stm32f10x_md.o(.text)
    I2C1_EV_IRQHandler                       0x080001bf   Thumb Code     0  startup_stm32f10x_md.o(.text)
    I2C2_ER_IRQHandler                       0x080001bf   Thumb Code     0  startup_stm32f10x_md.o(.text)
    I2C2_EV_IRQHandler                       0x080001bf   Thumb Code     0  startup_stm32f10x_md.o(.text)
    PVD_IRQHandler                           0x080001bf   Thumb Code     0  startup_stm32f10x_md.o(.text)
    RCC_IRQHandler                           0x080001bf   Thumb Code     0  startup_stm32f10x_md.o(.text)
    RTCAlarm_IRQHandler                      0x080001bf   Thumb Code     0  startup_stm32f10x_md.o(.text)
    RTC_IRQHandler                           0x080001bf   Thumb Code     0  startup_stm32f10x_md.o(.text)
    SPI1_IRQHandler                          0x080001bf   Thumb Code     0  startup_stm32f10x_md.o(.text)
    SPI2_IRQHandler                          0x080001bf   Thumb Code     0  startup_stm32f10x_md.o(.text)
    TAMPER_IRQHandler                        0x080001bf   Thumb Code     0  startup_stm32f10x_md.o(.text)
    TIM1_BRK_IRQHandler                      0x080001bf   Thumb Code     0  startup_stm32f10x_md.o(.text)
    TIM1_CC_IRQHandler                       0x080001bf   Thumb Code     0  startup_stm32f10x_md.o(.text)
    TIM1_TRG_COM_IRQHandler                  0x080001bf   Thumb Code     0  startup_stm32f10x_md.o(.text)
    TIM1_UP_IRQHandler                       0x080001bf   Thumb Code     0  startup_stm32f10x_md.o(.text)
    TIM3_IRQHandler                          0x080001bf   Thumb Code     0  startup_stm32f10x_md.o(.text)
    USART2_IRQHandler                        0x080001bf   Thumb Code     0  startup_stm32f10x_md.o(.text)
    USBWakeUp_IRQHandler                     0x080001bf   Thumb Code     0  startup_stm32f10x_md.o(.text)
    USB_HP_CAN1_TX_IRQHandler                0x080001bf   Thumb Code     0  startup_stm32f10x_md.o(.text)
    USB_LP_CAN1_RX0_IRQHandler               0x080001bf   Thumb Code     0  startup_stm32f10x_md.o(.text)
    WWDG_IRQHandler                          0x080001bf   Thumb Code     0  startup_stm32f10x_md.o(.text)
    __user_initial_stackheap                 0x080001c1   Thumb Code     0  startup_stm32f10x_md.o(.text)
    __use_no_semihosting                     0x080001e1   Thumb Code     2  use_no_semi_2.o(.text)
    __2printf                                0x080001e5   Thumb Code    20  noretval__2printf.o(.text)
    _printf_int_dec                          0x080001fd   Thumb Code   104  _printf_dec.o(.text)
    __printf                                 0x08000275   Thumb Code   270  __printf_wp.o(.text)
    __use_two_region_memory                  0x08000383   Thumb Code     2  heapauxi.o(.text)
    __rt_heap_escrow$2region                 0x08000385   Thumb Code     2  heapauxi.o(.text)
    __rt_heap_expand$2region                 0x08000387   Thumb Code     2  heapauxi.o(.text)
    __I$use$semihosting                      0x08000389   Thumb Code     0  use_no_semi.o(.text)
    __use_no_semihosting_swi                 0x08000389   Thumb Code     2  use_no_semi.o(.text)
    _printf_int_common                       0x0800038b   Thumb Code   178  _printf_intcommon.o(.text)
    __lib_sel_fp_printf                      0x0800043d   Thumb Code     2  _printf_fp_dec.o(.text)
    _printf_fp_dec_real                      0x080005ef   Thumb Code   620  _printf_fp_dec.o(.text)
    _printf_char_file                        0x0800085d   Thumb Code    32  _printf_char_file.o(.text)
    __rt_locale                              0x08000881   Thumb Code     8  rt_locale_intlibspace.o(.text)
    _ll_udiv10                               0x08000889   Thumb Code   138  lludiv10.o(.text)
    _printf_char_common                      0x0800091f   Thumb Code    32  _printf_char_common.o(.text)
    _printf_fp_infnan                        0x08000945   Thumb Code   112  _printf_fp_infnan.o(.text)
    _btod_etento                             0x080009c5   Thumb Code   224  bigflt0.o(.text)
    ferror                                   0x08000aa9   Thumb Code     8  ferror.o(.text)
    __user_libspace                          0x08000ab1   Thumb Code     8  libspace.o(.text)
    __user_perproc_libspace                  0x08000ab1   Thumb Code     0  libspace.o(.text)
    __user_perthread_libspace                0x08000ab1   Thumb Code     0  libspace.o(.text)
    __user_setup_stackheap                   0x08000ab9   Thumb Code    74  sys_stackheap_outer.o(.text)
    exit                                     0x08000b03   Thumb Code    18  exit.o(.text)
    strcmp                                   0x08000b15   Thumb Code   128  strcmpv7m.o(.text)
    _btod_d2e                                0x08000b95   Thumb Code    62  btod.o(CL$$btod_d2e)
    _d2e_denorm_low                          0x08000bd3   Thumb Code    70  btod.o(CL$$btod_d2e_denorm_low)
    _d2e_norm_op1                            0x08000c19   Thumb Code    96  btod.o(CL$$btod_d2e_norm_op1)
    __btod_div_common                        0x08000c79   Thumb Code   696  btod.o(CL$$btod_div_common)
    _e2e                                     0x08000fb1   Thumb Code   220  btod.o(CL$$btod_e2e)
    _btod_ediv                               0x0800108d   Thumb Code    42  btod.o(CL$$btod_ediv)
    _btod_emul                               0x080010b7   Thumb Code    42  btod.o(CL$$btod_emul)
    __btod_mult_common                       0x080010e1   Thumb Code   580  btod.o(CL$$btod_mult_common)
    BusFault_Handler                         0x08001325   Thumb Code     4  stm32f10x_it.o(i.BusFault_Handler)
    DebugMon_Handler                         0x08001329   Thumb Code     2  stm32f10x_it.o(i.DebugMon_Handler)
    EncoderRead_TIM2                         0x0800132b   Thumb Code    88  motorencoder.o(i.EncoderRead_TIM2)
    GPIO_Init                                0x08001383   Thumb Code   278  stm32f10x_gpio.o(i.GPIO_Init)
    GPIO_ReadInputDataBit                    0x08001499   Thumb Code    18  stm32f10x_gpio.o(i.GPIO_ReadInputDataBit)
    GPIO_SetBits                             0x080014ab   Thumb Code     4  stm32f10x_gpio.o(i.GPIO_SetBits)
    HardFault_Handler                        0x080014af   Thumb Code     4  stm32f10x_it.o(i.HardFault_Handler)
    JTAG_Set                                 0x080014b5   Thumb Code    38  sys.o(i.JTAG_Set)
    KEY_Scan                                 0x080014e5   Thumb Code    66  key.o(i.KEY_Scan)
    LED_Init                                 0x08001531   Thumb Code    46  led.o(i.LED_Init)
    MemManage_Handler                        0x08001565   Thumb Code     4  stm32f10x_it.o(i.MemManage_Handler)
    MotorEncoder_Init                        0x08001569   Thumb Code   140  motorencoder.o(i.MotorEncoder_Init)
    NMI_Handler                              0x080015fd   Thumb Code     2  stm32f10x_it.o(i.NMI_Handler)
    NVIC_Init                                0x08001601   Thumb Code   100  misc.o(i.NVIC_Init)
    NVIC_PriorityGroupConfig                 0x08001671   Thumb Code    10  misc.o(i.NVIC_PriorityGroupConfig)
    OLED_Clear                               0x08001685   Thumb Code    42  oled.o(i.OLED_Clear)
    OLED_DrawPoint                           0x080016b5   Thumb Code   100  oled.o(i.OLED_DrawPoint)
    OLED_Init                                0x0800171d   Thumb Code   288  oled.o(i.OLED_Init)
    OLED_Refresh_Gram                        0x0800184d   Thumb Code    70  oled.o(i.OLED_Refresh_Gram)
    OLED_ShowChar                            0x08001899   Thumb Code   158  oled.o(i.OLED_ShowChar)
    OLED_ShowNumber                          0x08001941   Thumb Code   148  oled.o(i.OLED_ShowNumber)
    OLED_ShowString                          0x080019d5   Thumb Code    68  oled.o(i.OLED_ShowString)
    OLED_WR_Byte                             0x08001a19   Thumb Code    78  oled.o(i.OLED_WR_Byte)
    Oled_Show                                0x08001a71   Thumb Code   252  main.o(i.Oled_Show)
    PendSV_Handler                           0x08001bb9   Thumb Code     2  stm32f10x_it.o(i.PendSV_Handler)
    RCC_APB1PeriphClockCmd                   0x08001bbd   Thumb Code    26  stm32f10x_rcc.o(i.RCC_APB1PeriphClockCmd)
    RCC_APB2PeriphClockCmd                   0x08001bdd   Thumb Code    26  stm32f10x_rcc.o(i.RCC_APB2PeriphClockCmd)
    RCC_GetClocksFreq                        0x08001bfd   Thumb Code   192  stm32f10x_rcc.o(i.RCC_GetClocksFreq)
    Read_Encoder                             0x08001cd1   Thumb Code    24  motorencoder.o(i.Read_Encoder)
    SVC_Handler                              0x08001ced   Thumb Code     2  stm32f10x_it.o(i.SVC_Handler)
    SetPWM                                   0x08001cf1   Thumb Code    76  tb6612.o(i.SetPWM)
    SysTick_CLKSourceConfig                  0x08001d49   Thumb Code    40  misc.o(i.SysTick_CLKSourceConfig)
    SysTick_Handler                          0x08001d71   Thumb Code     2  stm32f10x_it.o(i.SysTick_Handler)
    TB6612_Init                              0x08001d75   Thumb Code   168  tb6612.o(i.TB6612_Init)
    TIM2_IRQHandler                          0x08002065   Thumb Code    78  motorencoder.o(i.TIM2_IRQHandler)
    TIM4_IRQHandler                          0x080020c5   Thumb Code    18  motorencoder.o(i.TIM4_IRQHandler)
    TIM_ARRPreloadConfig                     0x080020dd   Thumb Code    24  stm32f10x_tim.o(i.TIM_ARRPreloadConfig)
    TIM_ClearFlag                            0x080020f5   Thumb Code     6  stm32f10x_tim.o(i.TIM_ClearFlag)
    TIM_ClearITPendingBit                    0x080020fb   Thumb Code     6  stm32f10x_tim.o(i.TIM_ClearITPendingBit)
    TIM_Cmd                                  0x08002101   Thumb Code    24  stm32f10x_tim.o(i.TIM_Cmd)
    TIM_EncoderInterfaceConfig               0x08002119   Thumb Code    66  stm32f10x_tim.o(i.TIM_EncoderInterfaceConfig)
    TIM_GetITStatus                          0x0800215b   Thumb Code    34  stm32f10x_tim.o(i.TIM_GetITStatus)
    TIM_ICInit                               0x0800217d   Thumb Code   150  stm32f10x_tim.o(i.TIM_ICInit)
    TIM_ICStructInit                         0x08002229   Thumb Code    18  stm32f10x_tim.o(i.TIM_ICStructInit)
    TIM_ITConfig                             0x0800223b   Thumb Code    18  stm32f10x_tim.o(i.TIM_ITConfig)
    TIM_OC4Init                              0x0800224d   Thumb Code   114  stm32f10x_tim.o(i.TIM_OC4Init)
    TIM_OC4PreloadConfig                     0x080022c9   Thumb Code    26  stm32f10x_tim.o(i.TIM_OC4PreloadConfig)
    TIM_SetCompare4                          0x080022e3   Thumb Code     6  stm32f10x_tim.o(i.TIM_SetCompare4)
    TIM_SetCounter                           0x080022e9   Thumb Code     4  stm32f10x_tim.o(i.TIM_SetCounter)
    TIM_SetIC1Prescaler                      0x080022ed   Thumb Code    18  stm32f10x_tim.o(i.TIM_SetIC1Prescaler)
    TIM_SetIC2Prescaler                      0x080022ff   Thumb Code    26  stm32f10x_tim.o(i.TIM_SetIC2Prescaler)
    TIM_SetIC3Prescaler                      0x08002319   Thumb Code    18  stm32f10x_tim.o(i.TIM_SetIC3Prescaler)
    TIM_SetIC4Prescaler                      0x0800232b   Thumb Code    26  stm32f10x_tim.o(i.TIM_SetIC4Prescaler)
    TIM_TimeBaseInit                         0x08002345   Thumb Code   122  stm32f10x_tim.o(i.TIM_TimeBaseInit)
    USART1_IRQHandler                        0x080023e9   Thumb Code   122  usart.o(i.USART1_IRQHandler)
    USART3_IRQHandler                        0x08002471   Thumb Code    14  usart3.o(i.USART3_IRQHandler)
    USART_Cmd                                0x08002485   Thumb Code    24  stm32f10x_usart.o(i.USART_Cmd)
    USART_GetITStatus                        0x0800249d   Thumb Code    84  stm32f10x_usart.o(i.USART_GetITStatus)
    USART_ITConfig                           0x080024f1   Thumb Code    74  stm32f10x_usart.o(i.USART_ITConfig)
    USART_Init                               0x0800253d   Thumb Code   210  stm32f10x_usart.o(i.USART_Init)
    USART_ReceiveData                        0x08002615   Thumb Code    10  stm32f10x_usart.o(i.USART_ReceiveData)
    UsageFault_Handler                       0x0800261f   Thumb Code     4  stm32f10x_it.o(i.UsageFault_Handler)
    Velocity_FeedbackControl                 0x08002625   Thumb Code   100  motorencoder.o(i.Velocity_FeedbackControl)
    __ARM_fpclassify                         0x08002699   Thumb Code    40  fpclassify.o(i.__ARM_fpclassify)
    _is_digit                                0x080026c1   Thumb Code    14  __printf_wp.o(i._is_digit)
    _sys_exit                                0x080026cf   Thumb Code     4  usart.o(i._sys_exit)
    delay_init                               0x080026d5   Thumb Code    50  delay.o(i.delay_init)
    delay_ms                                 0x08002719   Thumb Code    72  delay.o(i.delay_ms)
    fputc                                    0x08002765   Thumb Code    24  usart.o(i.fputc)
    main                                     0x08002781   Thumb Code   158  main.o(i.main)
    oled_pow                                 0x08002871   Thumb Code    22  oled.o(i.oled_pow)
    uart_init                                0x08002889   Thumb Code   152  usart.o(i.uart_init)
    _get_lc_numeric                          0x08002929   Thumb Code    44  lc_numeric_c.o(locale$$code)
    __aeabi_ddiv                             0x08002955   Thumb Code     0  ddiv.o(x$fpl$ddiv)
    _ddiv                                    0x08002955   Thumb Code   552  ddiv.o(x$fpl$ddiv)
    __aeabi_i2d                              0x08002c05   Thumb Code     0  dflt_clz.o(x$fpl$dflt)
    _dflt                                    0x08002c05   Thumb Code    46  dflt_clz.o(x$fpl$dflt)
    __fpl_dnaninf                            0x08002c33   Thumb Code   156  dnaninf.o(x$fpl$dnaninf)
    __fpl_dretinf                            0x08002ccf   Thumb Code    12  dretinf.o(x$fpl$dretinf)
    __aeabi_fadd                             0x08002cdd   Thumb Code     0  faddsub_clz.o(x$fpl$fadd)
    _fadd                                    0x08002cdd   Thumb Code   196  faddsub_clz.o(x$fpl$fadd)
    __aeabi_f2iz                             0x08002da1   Thumb Code     0  ffix.o(x$fpl$ffix)
    _ffix                                    0x08002da1   Thumb Code    54  ffix.o(x$fpl$ffix)
    __aeabi_i2f                              0x08002dd9   Thumb Code     0  fflt_clz.o(x$fpl$fflt)
    _fflt                                    0x08002dd9   Thumb Code    48  fflt_clz.o(x$fpl$fflt)
    __aeabi_fmul                             0x08002e09   Thumb Code     0  fmul.o(x$fpl$fmul)
    _fmul                                    0x08002e09   Thumb Code   258  fmul.o(x$fpl$fmul)
    __fpl_fnaninf                            0x08002f0b   Thumb Code   140  fnaninf.o(x$fpl$fnaninf)
    __fpl_fretinf                            0x08002f97   Thumb Code    10  fretinf.o(x$fpl$fretinf)
    __aeabi_fsub                             0x08002fa1   Thumb Code     0  faddsub_clz.o(x$fpl$fsub)
    _fsub                                    0x08002fa1   Thumb Code   234  faddsub_clz.o(x$fpl$fsub)
    _printf_fp_dec                           0x0800308b   Thumb Code     4  printf1.o(x$fpl$printf1)
    __I$use$fp                               0x0800308e   Number         0  usenofp.o(x$fpl$usenofp)
    oled_asc2_1206                           0x0800308e   Data        1140  oled.o(.constdata)
    oled_asc2_1608                           0x08003502   Data        1520  oled.o(.constdata)
    Region$$Table$$Base                      0x08003b88   Number         0  anon$$obj.o(Region$$Table)
    Region$$Table$$Limit                     0x08003ba8   Number         0  anon$$obj.o(Region$$Table)
    TargetVelocity                           0x20000000   Data           4  main.o(.data)
    Encoder                                  0x20000004   Data           4  main.o(.data)
    PWM                                      0x20000008   Data           4  main.o(.data)
    Velcity_Kp                               0x2000000c   Data           4  main.o(.data)
    Velcity_Ki                               0x20000010   Data           4  main.o(.data)
    Velcity_Kd                               0x20000014   Data           4  main.o(.data)
    MortorRun                                0x20000018   Data           4  main.o(.data)
    SystemCoreClock                          0x2000001c   Data           4  system_stm32f10x.o(.data)
    AHBPrescTable                            0x20000020   Data          16  system_stm32f10x.o(.data)
    __stdout                                 0x20000048   Data           4  usart.o(.data)
    USART_RX_STA                             0x2000004c   Data           2  usart.o(.data)
    USART_RX_BUF                             0x2000005c   Data         200  usart.o(.bss)
    OLED_GRAM                                0x20000124   Data        1024  oled.o(.bss)
    __libspace_start                         0x20000524   Data          96  libspace.o(.bss)
    __temporary_stack_top$libspace           0x20000584   Data           0  libspace.o(.bss)



==============================================================================

Memory Map of the image

  Image Entry point : 0x080000ed

  Load Region LR_IROM1 (Base: 0x08000000, Size: 0x00003c20, Max: 0x00010000, ABSOLUTE)

    Execution Region ER_IROM1 (Exec base: 0x08000000, Load base: 0x08000000, Size: 0x00003bc4, Max: 0x00010000, ABSOLUTE)

    Exec Addr    Load Addr    Size         Type   Attr      Idx    E Section Name        Object

    0x08000000   0x08000000   0x000000ec   Data   RO          285    RESET               startup_stm32f10x_md.o
    0x080000ec   0x080000ec   0x00000008   Code   RO         3619  * !!!main             c_w.l(__main.o)
    0x080000f4   0x080000f4   0x00000034   Code   RO         3871    !!!scatter          c_w.l(__scatter.o)
    0x08000128   0x08000128   0x0000001a   Code   RO         3873    !!handler_copy      c_w.l(__scatter_copy.o)
    0x08000142   0x08000142   0x00000002   PAD
    0x08000144   0x08000144   0x0000001c   Code   RO         3875    !!handler_zi        c_w.l(__scatter_zi.o)
    0x08000160   0x08000160   0x00000000   Code   RO         3616    .ARM.Collect$$_printf_percent$$00000000  c_w.l(_printf_percent.o)
    0x08000160   0x08000160   0x00000006   Code   RO         3615    .ARM.Collect$$_printf_percent$$00000003  c_w.l(_printf_f.o)
    0x08000166   0x08000166   0x00000006   Code   RO         3614    .ARM.Collect$$_printf_percent$$00000009  c_w.l(_printf_d.o)
    0x0800016c   0x0800016c   0x00000004   Code   RO         3660    .ARM.Collect$$_printf_percent$$00000017  c_w.l(_printf_percent_end.o)
    0x08000170   0x08000170   0x00000002   Code   RO         3748    .ARM.Collect$$libinit$$00000000  c_w.l(libinit.o)
    0x08000172   0x08000172   0x00000000   Code   RO         3750    .ARM.Collect$$libinit$$00000002  c_w.l(libinit2.o)
    0x08000172   0x08000172   0x00000000   Code   RO         3752    .ARM.Collect$$libinit$$00000004  c_w.l(libinit2.o)
    0x08000172   0x08000172   0x00000000   Code   RO         3755    .ARM.Collect$$libinit$$0000000A  c_w.l(libinit2.o)
    0x08000172   0x08000172   0x00000000   Code   RO         3757    .ARM.Collect$$libinit$$0000000C  c_w.l(libinit2.o)
    0x08000172   0x08000172   0x00000000   Code   RO         3759    .ARM.Collect$$libinit$$0000000E  c_w.l(libinit2.o)
    0x08000172   0x08000172   0x00000006   Code   RO         3760    .ARM.Collect$$libinit$$0000000F  c_w.l(libinit2.o)
    0x08000178   0x08000178   0x00000000   Code   RO         3762    .ARM.Collect$$libinit$$00000011  c_w.l(libinit2.o)
    0x08000178   0x08000178   0x00000000   Code   RO         3764    .ARM.Collect$$libinit$$00000013  c_w.l(libinit2.o)
    0x08000178   0x08000178   0x00000000   Code   RO         3766    .ARM.Collect$$libinit$$00000015  c_w.l(libinit2.o)
    0x08000178   0x08000178   0x0000000a   Code   RO         3767    .ARM.Collect$$libinit$$00000016  c_w.l(libinit2.o)
    0x08000182   0x08000182   0x00000000   Code   RO         3768    .ARM.Collect$$libinit$$00000017  c_w.l(libinit2.o)
    0x08000182   0x08000182   0x00000000   Code   RO         3770    .ARM.Collect$$libinit$$00000019  c_w.l(libinit2.o)
    0x08000182   0x08000182   0x00000000   Code   RO         3772    .ARM.Collect$$libinit$$0000001B  c_w.l(libinit2.o)
    0x08000182   0x08000182   0x00000000   Code   RO         3774    .ARM.Collect$$libinit$$0000001D  c_w.l(libinit2.o)
    0x08000182   0x08000182   0x00000000   Code   RO         3776    .ARM.Collect$$libinit$$0000001F  c_w.l(libinit2.o)
    0x08000182   0x08000182   0x00000000   Code   RO         3778    .ARM.Collect$$libinit$$00000021  c_w.l(libinit2.o)
    0x08000182   0x08000182   0x00000000   Code   RO         3780    .ARM.Collect$$libinit$$00000023  c_w.l(libinit2.o)
    0x08000182   0x08000182   0x00000000   Code   RO         3782    .ARM.Collect$$libinit$$00000025  c_w.l(libinit2.o)
    0x08000182   0x08000182   0x00000000   Code   RO         3786    .ARM.Collect$$libinit$$0000002C  c_w.l(libinit2.o)
    0x08000182   0x08000182   0x00000000   Code   RO         3788    .ARM.Collect$$libinit$$0000002E  c_w.l(libinit2.o)
    0x08000182   0x08000182   0x00000000   Code   RO         3790    .ARM.Collect$$libinit$$00000030  c_w.l(libinit2.o)
    0x08000182   0x08000182   0x00000000   Code   RO         3792    .ARM.Collect$$libinit$$00000032  c_w.l(libinit2.o)
    0x08000182   0x08000182   0x00000002   Code   RO         3793    .ARM.Collect$$libinit$$00000033  c_w.l(libinit2.o)
    0x08000184   0x08000184   0x00000002   Code   RO         3821    .ARM.Collect$$libshutdown$$00000000  c_w.l(libshutdown.o)
    0x08000186   0x08000186   0x00000000   Code   RO         3830    .ARM.Collect$$libshutdown$$00000002  c_w.l(libshutdown2.o)
    0x08000186   0x08000186   0x00000000   Code   RO         3832    .ARM.Collect$$libshutdown$$00000004  c_w.l(libshutdown2.o)
    0x08000186   0x08000186   0x00000000   Code   RO         3835    .ARM.Collect$$libshutdown$$00000007  c_w.l(libshutdown2.o)
    0x08000186   0x08000186   0x00000000   Code   RO         3838    .ARM.Collect$$libshutdown$$0000000A  c_w.l(libshutdown2.o)
    0x08000186   0x08000186   0x00000000   Code   RO         3840    .ARM.Collect$$libshutdown$$0000000C  c_w.l(libshutdown2.o)
    0x08000186   0x08000186   0x00000000   Code   RO         3843    .ARM.Collect$$libshutdown$$0000000F  c_w.l(libshutdown2.o)
    0x08000186   0x08000186   0x00000002   Code   RO         3844    .ARM.Collect$$libshutdown$$00000010  c_w.l(libshutdown2.o)
    0x08000188   0x08000188   0x00000000   Code   RO         3653    .ARM.Collect$$rtentry$$00000000  c_w.l(__rtentry.o)
    0x08000188   0x08000188   0x00000000   Code   RO         3671    .ARM.Collect$$rtentry$$00000002  c_w.l(__rtentry2.o)
    0x08000188   0x08000188   0x00000006   Code   RO         3683    .ARM.Collect$$rtentry$$00000004  c_w.l(__rtentry4.o)
    0x0800018e   0x0800018e   0x00000000   Code   RO         3673    .ARM.Collect$$rtentry$$00000009  c_w.l(__rtentry2.o)
    0x0800018e   0x0800018e   0x00000004   Code   RO         3674    .ARM.Collect$$rtentry$$0000000A  c_w.l(__rtentry2.o)
    0x08000192   0x08000192   0x00000000   Code   RO         3676    .ARM.Collect$$rtentry$$0000000C  c_w.l(__rtentry2.o)
    0x08000192   0x08000192   0x00000008   Code   RO         3677    .ARM.Collect$$rtentry$$0000000D  c_w.l(__rtentry2.o)
    0x0800019a   0x0800019a   0x00000002   Code   RO         3794    .ARM.Collect$$rtexit$$00000000  c_w.l(rtexit.o)
    0x0800019c   0x0800019c   0x00000000   Code   RO         3801    .ARM.Collect$$rtexit$$00000002  c_w.l(rtexit2.o)
    0x0800019c   0x0800019c   0x00000004   Code   RO         3802    .ARM.Collect$$rtexit$$00000003  c_w.l(rtexit2.o)
    0x080001a0   0x080001a0   0x00000006   Code   RO         3803    .ARM.Collect$$rtexit$$00000004  c_w.l(rtexit2.o)
    0x080001a6   0x080001a6   0x00000002   PAD
    0x080001a8   0x080001a8   0x00000038   Code   RO          286    .text               startup_stm32f10x_md.o
    0x080001e0   0x080001e0   0x00000002   Code   RO         3584    .text               c_w.l(use_no_semi_2.o)
    0x080001e2   0x080001e2   0x00000002   PAD
    0x080001e4   0x080001e4   0x00000018   Code   RO         3588    .text               c_w.l(noretval__2printf.o)
    0x080001fc   0x080001fc   0x00000078   Code   RO         3592    .text               c_w.l(_printf_dec.o)
    0x08000274   0x08000274   0x0000010e   Code   RO         3602    .text               c_w.l(__printf_wp.o)
    0x08000382   0x08000382   0x00000006   Code   RO         3617    .text               c_w.l(heapauxi.o)
    0x08000388   0x08000388   0x00000002   Code   RO         3651    .text               c_w.l(use_no_semi.o)
    0x0800038a   0x0800038a   0x000000b2   Code   RO         3654    .text               c_w.l(_printf_intcommon.o)
    0x0800043c   0x0800043c   0x0000041e   Code   RO         3656    .text               c_w.l(_printf_fp_dec.o)
    0x0800085a   0x0800085a   0x00000002   PAD
    0x0800085c   0x0800085c   0x00000024   Code   RO         3658    .text               c_w.l(_printf_char_file.o)
    0x08000880   0x08000880   0x00000008   Code   RO         3688    .text               c_w.l(rt_locale_intlibspace.o)
    0x08000888   0x08000888   0x0000008a   Code   RO         3690    .text               c_w.l(lludiv10.o)
    0x08000912   0x08000912   0x00000002   PAD
    0x08000914   0x08000914   0x00000030   Code   RO         3692    .text               c_w.l(_printf_char_common.o)
    0x08000944   0x08000944   0x00000080   Code   RO         3694    .text               c_w.l(_printf_fp_infnan.o)
    0x080009c4   0x080009c4   0x000000e4   Code   RO         3696    .text               c_w.l(bigflt0.o)
    0x08000aa8   0x08000aa8   0x00000008   Code   RO         3721    .text               c_w.l(ferror.o)
    0x08000ab0   0x08000ab0   0x00000008   Code   RO         3732    .text               c_w.l(libspace.o)
    0x08000ab8   0x08000ab8   0x0000004a   Code   RO         3735    .text               c_w.l(sys_stackheap_outer.o)
    0x08000b02   0x08000b02   0x00000012   Code   RO         3739    .text               c_w.l(exit.o)
    0x08000b14   0x08000b14   0x00000080   Code   RO         3741    .text               c_w.l(strcmpv7m.o)
    0x08000b94   0x08000b94   0x0000003e   Code   RO         3699    CL$$btod_d2e        c_w.l(btod.o)
    0x08000bd2   0x08000bd2   0x00000046   Code   RO         3701    CL$$btod_d2e_denorm_low  c_w.l(btod.o)
    0x08000c18   0x08000c18   0x00000060   Code   RO         3700    CL$$btod_d2e_norm_op1  c_w.l(btod.o)
    0x08000c78   0x08000c78   0x00000338   Code   RO         3709    CL$$btod_div_common  c_w.l(btod.o)
    0x08000fb0   0x08000fb0   0x000000dc   Code   RO         3706    CL$$btod_e2e        c_w.l(btod.o)
    0x0800108c   0x0800108c   0x0000002a   Code   RO         3703    CL$$btod_ediv       c_w.l(btod.o)
    0x080010b6   0x080010b6   0x0000002a   Code   RO         3702    CL$$btod_emul       c_w.l(btod.o)
    0x080010e0   0x080010e0   0x00000244   Code   RO         3708    CL$$btod_mult_common  c_w.l(btod.o)
    0x08001324   0x08001324   0x00000004   Code   RO          149    i.BusFault_Handler  stm32f10x_it.o
    0x08001328   0x08001328   0x00000002   Code   RO          150    i.DebugMon_Handler  stm32f10x_it.o
    0x0800132a   0x0800132a   0x00000058   Code   RO         3400    i.EncoderRead_TIM2  motorencoder.o
    0x08001382   0x08001382   0x00000116   Code   RO         1441    i.GPIO_Init         stm32f10x_gpio.o
    0x08001498   0x08001498   0x00000012   Code   RO         1445    i.GPIO_ReadInputDataBit  stm32f10x_gpio.o
    0x080014aa   0x080014aa   0x00000004   Code   RO         1449    i.GPIO_SetBits      stm32f10x_gpio.o
    0x080014ae   0x080014ae   0x00000004   Code   RO          151    i.HardFault_Handler  stm32f10x_it.o
    0x080014b2   0x080014b2   0x00000002   PAD
    0x080014b4   0x080014b4   0x00000030   Code   RO         3290    i.JTAG_Set          sys.o
    0x080014e4   0x080014e4   0x0000004c   Code   RO         3560    i.KEY_Scan          key.o
    0x08001530   0x08001530   0x00000034   Code   RO         3388    i.LED_Init          led.o
    0x08001564   0x08001564   0x00000004   Code   RO          152    i.MemManage_Handler  stm32f10x_it.o
    0x08001568   0x08001568   0x00000094   Code   RO         3401    i.MotorEncoder_Init  motorencoder.o
    0x080015fc   0x080015fc   0x00000002   Code   RO          153    i.NMI_Handler       stm32f10x_it.o
    0x080015fe   0x080015fe   0x00000002   PAD
    0x08001600   0x08001600   0x00000070   Code   RO          290    i.NVIC_Init         misc.o
    0x08001670   0x08001670   0x00000014   Code   RO          291    i.NVIC_PriorityGroupConfig  misc.o
    0x08001684   0x08001684   0x00000030   Code   RO         3476    i.OLED_Clear        oled.o
    0x080016b4   0x080016b4   0x00000068   Code   RO         3479    i.OLED_DrawPoint    oled.o
    0x0800171c   0x0800171c   0x00000130   Code   RO         3480    i.OLED_Init         oled.o
    0x0800184c   0x0800184c   0x0000004c   Code   RO         3481    i.OLED_Refresh_Gram  oled.o
    0x08001898   0x08001898   0x000000a8   Code   RO         3482    i.OLED_ShowChar     oled.o
    0x08001940   0x08001940   0x00000094   Code   RO         3483    i.OLED_ShowNumber   oled.o
    0x080019d4   0x080019d4   0x00000044   Code   RO         3484    i.OLED_ShowString   oled.o
    0x08001a18   0x08001a18   0x00000058   Code   RO         3485    i.OLED_WR_Byte      oled.o
    0x08001a70   0x08001a70   0x00000148   Code   RO            1    i.Oled_Show         main.o
    0x08001bb8   0x08001bb8   0x00000002   Code   RO          154    i.PendSV_Handler    stm32f10x_it.o
    0x08001bba   0x08001bba   0x00000002   PAD
    0x08001bbc   0x08001bbc   0x00000020   Code   RO         1857    i.RCC_APB1PeriphClockCmd  stm32f10x_rcc.o
    0x08001bdc   0x08001bdc   0x00000020   Code   RO         1859    i.RCC_APB2PeriphClockCmd  stm32f10x_rcc.o
    0x08001bfc   0x08001bfc   0x000000d4   Code   RO         1867    i.RCC_GetClocksFreq  stm32f10x_rcc.o
    0x08001cd0   0x08001cd0   0x0000001c   Code   RO         3402    i.Read_Encoder      motorencoder.o
    0x08001cec   0x08001cec   0x00000002   Code   RO          155    i.SVC_Handler       stm32f10x_it.o
    0x08001cee   0x08001cee   0x00000002   PAD
    0x08001cf0   0x08001cf0   0x00000058   Code   RO         3366    i.SetPWM            tb6612.o
    0x08001d48   0x08001d48   0x00000028   Code   RO          294    i.SysTick_CLKSourceConfig  misc.o
    0x08001d70   0x08001d70   0x00000002   Code   RO          156    i.SysTick_Handler   stm32f10x_it.o
    0x08001d72   0x08001d72   0x00000002   PAD
    0x08001d74   0x08001d74   0x000000b0   Code   RO         3367    i.TB6612_Init       tb6612.o
    0x08001e24   0x08001e24   0x00000080   Code   RO         2475    i.TI1_Config        stm32f10x_tim.o
    0x08001ea4   0x08001ea4   0x00000098   Code   RO         2476    i.TI2_Config        stm32f10x_tim.o
    0x08001f3c   0x08001f3c   0x00000090   Code   RO         2477    i.TI3_Config        stm32f10x_tim.o
    0x08001fcc   0x08001fcc   0x00000098   Code   RO         2478    i.TI4_Config        stm32f10x_tim.o
    0x08002064   0x08002064   0x00000060   Code   RO         3403    i.TIM2_IRQHandler   motorencoder.o
    0x080020c4   0x080020c4   0x00000018   Code   RO         3404    i.TIM4_IRQHandler   motorencoder.o
    0x080020dc   0x080020dc   0x00000018   Code   RO         2479    i.TIM_ARRPreloadConfig  stm32f10x_tim.o
    0x080020f4   0x080020f4   0x00000006   Code   RO         2485    i.TIM_ClearFlag     stm32f10x_tim.o
    0x080020fa   0x080020fa   0x00000006   Code   RO         2486    i.TIM_ClearITPendingBit  stm32f10x_tim.o
    0x08002100   0x08002100   0x00000018   Code   RO         2491    i.TIM_Cmd           stm32f10x_tim.o
    0x08002118   0x08002118   0x00000042   Code   RO         2500    i.TIM_EncoderInterfaceConfig  stm32f10x_tim.o
    0x0800215a   0x0800215a   0x00000022   Code   RO         2512    i.TIM_GetITStatus   stm32f10x_tim.o
    0x0800217c   0x0800217c   0x000000ac   Code   RO         2514    i.TIM_ICInit        stm32f10x_tim.o
    0x08002228   0x08002228   0x00000012   Code   RO         2515    i.TIM_ICStructInit  stm32f10x_tim.o
    0x0800223a   0x0800223a   0x00000012   Code   RO         2516    i.TIM_ITConfig      stm32f10x_tim.o
    0x0800224c   0x0800224c   0x0000007c   Code   RO         2535    i.TIM_OC4Init       stm32f10x_tim.o
    0x080022c8   0x080022c8   0x0000001a   Code   RO         2537    i.TIM_OC4PreloadConfig  stm32f10x_tim.o
    0x080022e2   0x080022e2   0x00000006   Code   RO         2555    i.TIM_SetCompare4   stm32f10x_tim.o
    0x080022e8   0x080022e8   0x00000004   Code   RO         2556    i.TIM_SetCounter    stm32f10x_tim.o
    0x080022ec   0x080022ec   0x00000012   Code   RO         2557    i.TIM_SetIC1Prescaler  stm32f10x_tim.o
    0x080022fe   0x080022fe   0x0000001a   Code   RO         2558    i.TIM_SetIC2Prescaler  stm32f10x_tim.o
    0x08002318   0x08002318   0x00000012   Code   RO         2559    i.TIM_SetIC3Prescaler  stm32f10x_tim.o
    0x0800232a   0x0800232a   0x0000001a   Code   RO         2560    i.TIM_SetIC4Prescaler  stm32f10x_tim.o
    0x08002344   0x08002344   0x000000a4   Code   RO         2562    i.TIM_TimeBaseInit  stm32f10x_tim.o
    0x080023e8   0x080023e8   0x00000088   Code   RO         3325    i.USART1_IRQHandler  usart.o
    0x08002470   0x08002470   0x00000014   Code   RO         3448    i.USART3_IRQHandler  usart3.o
    0x08002484   0x08002484   0x00000018   Code   RO         3027    i.USART_Cmd         stm32f10x_usart.o
    0x0800249c   0x0800249c   0x00000054   Code   RO         3031    i.USART_GetITStatus  stm32f10x_usart.o
    0x080024f0   0x080024f0   0x0000004a   Code   RO         3033    i.USART_ITConfig    stm32f10x_usart.o
    0x0800253a   0x0800253a   0x00000002   PAD
    0x0800253c   0x0800253c   0x000000d8   Code   RO         3034    i.USART_Init        stm32f10x_usart.o
    0x08002614   0x08002614   0x0000000a   Code   RO         3041    i.USART_ReceiveData  stm32f10x_usart.o
    0x0800261e   0x0800261e   0x00000004   Code   RO          157    i.UsageFault_Handler  stm32f10x_it.o
    0x08002622   0x08002622   0x00000002   PAD
    0x08002624   0x08002624   0x00000074   Code   RO         3405    i.Velocity_FeedbackControl  motorencoder.o
    0x08002698   0x08002698   0x00000028   Code   RO         3730    i.__ARM_fpclassify  m_ws.l(fpclassify.o)
    0x080026c0   0x080026c0   0x0000000e   Code   RO         3604    i._is_digit         c_w.l(__printf_wp.o)
    0x080026ce   0x080026ce   0x00000004   Code   RO         3326    i._sys_exit         usart.o
    0x080026d2   0x080026d2   0x00000002   PAD
    0x080026d4   0x080026d4   0x00000044   Code   RO         3257    i.delay_init        delay.o
    0x08002718   0x08002718   0x0000004c   Code   RO         3258    i.delay_ms          delay.o
    0x08002764   0x08002764   0x0000001c   Code   RO         3327    i.fputc             usart.o
    0x08002780   0x08002780   0x000000f0   Code   RO            2    i.main              main.o
    0x08002870   0x08002870   0x00000016   Code   RO         3486    i.oled_pow          oled.o
    0x08002886   0x08002886   0x00000002   PAD
    0x08002888   0x08002888   0x000000a0   Code   RO         3328    i.uart_init         usart.o
    0x08002928   0x08002928   0x0000002c   Code   RO         3726    locale$$code        c_w.l(lc_numeric_c.o)
    0x08002954   0x08002954   0x000002b0   Code   RO         3622    x$fpl$ddiv          fz_ws.l(ddiv.o)
    0x08002c04   0x08002c04   0x0000002e   Code   RO         3626    x$fpl$dflt          fz_ws.l(dflt_clz.o)
    0x08002c32   0x08002c32   0x0000009c   Code   RO         3661    x$fpl$dnaninf       fz_ws.l(dnaninf.o)
    0x08002cce   0x08002cce   0x0000000c   Code   RO         3663    x$fpl$dretinf       fz_ws.l(dretinf.o)
    0x08002cda   0x08002cda   0x00000002   PAD
    0x08002cdc   0x08002cdc   0x000000c4   Code   RO         3631    x$fpl$fadd          fz_ws.l(faddsub_clz.o)
    0x08002da0   0x08002da0   0x00000036   Code   RO         3637    x$fpl$ffix          fz_ws.l(ffix.o)
    0x08002dd6   0x08002dd6   0x00000002   PAD
    0x08002dd8   0x08002dd8   0x00000030   Code   RO         3642    x$fpl$fflt          fz_ws.l(fflt_clz.o)
    0x08002e08   0x08002e08   0x00000102   Code   RO         3647    x$fpl$fmul          fz_ws.l(fmul.o)
    0x08002f0a   0x08002f0a   0x0000008c   Code   RO         3665    x$fpl$fnaninf       fz_ws.l(fnaninf.o)
    0x08002f96   0x08002f96   0x0000000a   Code   RO         3667    x$fpl$fretinf       fz_ws.l(fretinf.o)
    0x08002fa0   0x08002fa0   0x000000ea   Code   RO         3633    x$fpl$fsub          fz_ws.l(faddsub_clz.o)
    0x0800308a   0x0800308a   0x00000004   Code   RO         3649    x$fpl$printf1       fz_ws.l(printf1.o)
    0x0800308e   0x0800308e   0x00000000   Code   RO         3669    x$fpl$usenofp       fz_ws.l(usenofp.o)
    0x0800308e   0x0800308e   0x00000a64   Data   RO         3488    .constdata          oled.o
    0x08003af2   0x08003af2   0x00000002   PAD
    0x08003af4   0x08003af4   0x00000094   Data   RO         3697    .constdata          c_w.l(bigflt0.o)
    0x08003b88   0x08003b88   0x00000020   Data   RO         3869    Region$$Table       anon$$obj.o
    0x08003ba8   0x08003ba8   0x0000001c   Data   RO         3725    locale$$data        c_w.l(lc_numeric_c.o)


    Execution Region RW_IRAM1 (Exec base: 0x20000000, Load base: 0x08003bc4, Size: 0x00000b88, Max: 0x00005000, ABSOLUTE)

    Exec Addr    Load Addr    Size         Type   Attr      Idx    E Section Name        Object

    0x20000000   0x08003bc4   0x0000001c   Data   RW            3    .data               main.o
    0x2000001c   0x08003be0   0x00000014   Data   RW          242    .data               system_stm32f10x.o
    0x20000030   0x08003bf4   0x00000014   Data   RW         1887    .data               stm32f10x_rcc.o
    0x20000044   0x08003c08   0x00000004   Data   RW         3260    .data               delay.o
    0x20000048   0x08003c0c   0x00000006   Data   RW         3330    .data               usart.o
    0x2000004e   0x08003c12   0x00000002   PAD
    0x20000050   0x08003c14   0x00000008   Data   RW         3406    .data               motorencoder.o
    0x20000058   0x08003c1c   0x00000001   Data   RW         3561    .data               key.o
    0x20000059   0x08003c1d   0x00000003   PAD
    0x2000005c        -       0x000000c8   Zero   RW         3329    .bss                usart.o
    0x20000124        -       0x00000400   Zero   RW         3487    .bss                oled.o
    0x20000524        -       0x00000060   Zero   RW         3733    .bss                c_w.l(libspace.o)
    0x20000584   0x08003c1d   0x00000004   PAD
    0x20000588        -       0x00000200   Zero   RW          284    HEAP                startup_stm32f10x_md.o
    0x20000788        -       0x00000400   Zero   RW          283    STACK               startup_stm32f10x_md.o


==============================================================================

Image component sizes


      Code (inc. data)   RO Data    RW Data    ZI Data      Debug   Object Name

         0          0          0          0          0         32   core_cm3.o
       144         22          0          4          0       1116   delay.o
        76         10          0          1          0        515   key.o
        52          6          0          0          0        451   led.o
       568        158          0         28          0     252599   main.o
       172         22          0          0          0       2073   misc.o
       500         52          0          8          0       3325   motorencoder.o
      1026         52       2660          0       1024       6698   oled.o
        56         22        236          0       1536        772   startup_stm32f10x_md.o
       300          0          0          0          0       3135   stm32f10x_gpio.o
        26          0          0          0          0       3462   stm32f10x_it.o
       276         32          0         20          0       4426   stm32f10x_rcc.o
      1356        160          0          0          0      13814   stm32f10x_tim.o
       408          6          0          0          0       4958   stm32f10x_usart.o
        48         10          0          0          0        443   sys.o
         0          0          0         20          0        700   system_stm32f10x.o
       264         20          0          0          0       1223   tb6612.o
       328         26          0          6        200       4080   usart.o
        20          6          0          0          0        432   usart3.o

    ----------------------------------------------------------------------
      5638        604       2930         92       2760     304254   Object Totals
         0          0         32          0          0          0   (incl. Generated)
        18          0          2          5          0          0   (incl. Padding)

    ----------------------------------------------------------------------

      Code (inc. data)   RO Data    RW Data    ZI Data      Debug   Library Member Name

         8          0          0          0          0         68   __main.o
       284          0          0          0          0        156   __printf_wp.o
         0          0          0          0          0          0   __rtentry.o
        12          0          0          0          0          0   __rtentry2.o
         6          0          0          0          0          0   __rtentry4.o
        52          8          0          0          0          0   __scatter.o
        26          0          0          0          0          0   __scatter_copy.o
        28          0          0          0          0          0   __scatter_zi.o
        48          6          0          0          0         96   _printf_char_common.o
        36          4          0          0          0         80   _printf_char_file.o
         6          0          0          0          0          0   _printf_d.o
       120         16          0          0          0         92   _printf_dec.o
         6          0          0          0          0          0   _printf_f.o
      1054          0          0          0          0        216   _printf_fp_dec.o
       128         16          0          0          0         84   _printf_fp_infnan.o
       178          0          0          0          0         88   _printf_intcommon.o
         0          0          0          0          0          0   _printf_percent.o
         4          0          0          0          0          0   _printf_percent_end.o
       228          4        148          0          0         96   bigflt0.o
      1936        128          0          0          0        672   btod.o
        18          0          0          0          0         80   exit.o
         8          0          0          0          0         68   ferror.o
         6          0          0          0          0        152   heapauxi.o
        44         10         28          0          0         76   lc_numeric_c.o
         2          0          0          0          0          0   libinit.o
        18          0          0          0          0          0   libinit2.o
         2          0          0          0          0          0   libshutdown.o
         2          0          0          0          0          0   libshutdown2.o
         8          4          0          0         96         68   libspace.o
       138          0          0          0          0         80   lludiv10.o
        24          4          0          0          0         84   noretval__2printf.o
         8          4          0          0          0         68   rt_locale_intlibspace.o
         2          0          0          0          0          0   rtexit.o
        10          0          0          0          0          0   rtexit2.o
       128          0          0          0          0         68   strcmpv7m.o
        74          0          0          0          0         80   sys_stackheap_outer.o
         2          0          0          0          0         68   use_no_semi.o
         2          0          0          0          0         68   use_no_semi_2.o
       688        140          0          0          0        208   ddiv.o
        46          0          0          0          0         68   dflt_clz.o
       156          4          0          0          0         92   dnaninf.o
        12          0          0          0          0         68   dretinf.o
       430          8          0          0          0        168   faddsub_clz.o
        54          4          0          0          0         84   ffix.o
        48          0          0          0          0         68   fflt_clz.o
       258          4          0          0          0         84   fmul.o
       140          4          0          0          0         84   fnaninf.o
        10          0          0          0          0         68   fretinf.o
         4          0          0          0          0         68   printf1.o
         0          0          0          0          0          0   usenofp.o
        40          0          0          0          0         68   fpclassify.o

    ----------------------------------------------------------------------
      6556        368        176          0        100       3736   Library Totals
        14          0          0          0          4          0   (incl. Padding)

    ----------------------------------------------------------------------

      Code (inc. data)   RO Data    RW Data    ZI Data      Debug   Library Name

      4656        204        176          0         96       2608   c_w.l
      1846        164          0          0          0       1060   fz_ws.l
        40          0          0          0          0         68   m_ws.l

    ----------------------------------------------------------------------
      6556        368        176          0        100       3736   Library Totals

    ----------------------------------------------------------------------

==============================================================================


      Code (inc. data)   RO Data    RW Data    ZI Data      Debug   

     12194        972       3106         92       2860     302318   Grand Totals
     12194        972       3106         92       2860     302318   ELF Image Totals
     12194        972       3106         92          0          0   ROM Totals

==============================================================================

    Total RO  Size (Code + RO Data)                15300 (  14.94kB)
    Total RW  Size (RW Data + ZI Data)              2952 (   2.88kB)
    Total ROM Size (Code + RO Data + RW Data)      15392 (  15.03kB)

==============================================================================

